ing@MSI:~/RICK/RICK_LIVE_CLEAN$ find /home/ing/RICK -type f -name "*.py" | grep -E "(strategy|regime|wolf|pack|quant|hedge|shorting)" | head -20
/home/ing/RICK/R_H_UNI/ROLLBACK_SNAPSHOTS/crypto_live_backup_1760739129/ROLLBACK_SNAPSHOTS/live_backup_1760728038/logic/regime_detector.py
/home/ing/RICK/R_H_UNI/ROLLBACK_SNAPSHOTS/crypto_live_backup_1760739129/ROLLBACK_SNAPSHOTS/live_backup_1760728038/.venv/lib/python3.12/site-packages/sniffio/_version.py
/home/ing/RICK/R_H_UNI/ROLLBACK_SNAPSHOTS/crypto_live_backup_1760739129/ROLLBACK_SNAPSHOTS/live_backup_1760728038/.venv/lib/python3.12/site-packages/sniffio/__init__.py
/home/ing/RICK/R_H_UNI/ROLLBACK_SNAPSHOTS/crypto_live_backup_1760739129/ROLLBACK_SNAPSHOTS/live_backup_1760728038/.venv/lib/python3.12/site-packages/sniffio/_impl.py
/home/ing/RICK/R_H_UNI/ROLLBACK_SNAPSHOTS/crypto_live_backup_1760739129/ROLLBACK_SNAPSHOTS/live_backup_1760728038/.venv/lib/python3.12/site-packages/sniffio/_tests/__init__.py
/home/ing/RICK/R_H_UNI/ROLLBACK_SNAPSHOTS/crypto_live_backup_1760739129/ROLLBACK_SNAPSHOTS/live_backup_1760728038/.venv/lib/python3.12/site-packages/sniffio/_tests/test_sniffio.py
/home/ing/RICK/R_H_UNI/ROLLBACK_SNAPSHOTS/crypto_live_backup_1760739129/ROLLBACK_SNAPSHOTS/live_backup_1760728038/.venv/lib/python3.12/site-packages/annotated_types/__init__.py
/home/ing/RICK/R_H_UNI/ROLLBACK_SNAPSHOTS/crypto_live_backup_1760739129/ROLLBACK_SNAPSHOTS/live_backup_1760728038/.venv/lib/python3.12/site-packages/annotated_types/test_cases.py
/home/ing/RICK/R_H_UNI/ROLLBACK_SNAPSHOTS/crypto_live_backup_1760739129/ROLLBACK_SNAPSHOTS/live_backup_1760728038/.venv/lib/python3.12/site-packages/click/shell_completion.py
/home/ing/RICK/R_H_UNI/ROLLBACK_SNAPSHOTS/crypto_live_backup_1760739129/ROLLBACK_SNAPSHOTS/live_backup_1760728038/.venv/lib/python3.12/site-packages/click/termui.py
/home/ing/RICK/R_H_UNI/ROLLBACK_SNAPSHOTS/crypto_live_backup_1760739129/ROLLBACK_SNAPSHOTS/live_backup_1760728038/.venv/lib/python3.12/site-packages/click/types.py
/home/ing/RICK/R_H_UNI/ROLLBACK_SNAPSHOTS/crypto_live_backup_1760739129/ROLLBACK_SNAPSHOTS/live_backup_1760728038/.venv/lib/python3.12/site-packages/click/testing.py
/home/ing/RICK/R_H_UNI/ROLLBACK_SNAPSHOTS/crypto_live_backup_1760739129/ROLLBACK_SNAPSHOTS/live_backup_1760728038/.venv/lib/python3.12/site-packages/click/_winconsole.py
/home/ing/RICK/R_H_UNI/ROLLBACK_SNAPSHOTS/crypto_live_backup_1760739129/ROLLBACK_SNAPSHOTS/live_backup_1760728038/.venv/lib/python3.12/site-packages/click/__init__.py
/home/ing/RICK/R_H_UNI/ROLLBACK_SNAPSHOTS/crypto_live_backup_1760739129/ROLLBACK_SNAPSHOTS/live_backup_1760728038/.venv/lib/python3.12/site-packages/click/utils.py
/home/ing/RICK/R_H_UNI/ROLLBACK_SNAPSHOTS/crypto_live_backup_1760739129/ROLLBACK_SNAPSHOTS/live_backup_1760728038/.venv/lib/python3.12/site-packages/click/parser.py
/home/ing/RICK/R_H_UNI/ROLLBACK_SNAPSHOTS/crypto_live_backup_1760739129/ROLLBACK_SNAPSHOTS/live_backup_1760728038/.venv/lib/python3.12/site-packages/click/globals.py
/home/ing/RICK/R_H_UNI/ROLLBACK_SNAPSHOTS/crypto_live_backup_1760739129/ROLLBACK_SNAPSHOTS/live_backup_1760728038/.venv/lib/python3.12/site-packages/click/_utils.py
/home/ing/RICK/R_H_UNI/ROLLBACK_SNAPSHOTS/crypto_live_backup_1760739129/ROLLBACK_SNAPSHOTS/live_backup_1760728038/.venv/lib/python3.12/site-packages/click/core.py
/home/ing/RICK/R_H_UNI/ROLLBACK_SNAPSHOTS/crypto_live_backup_1760739129/ROLLBACK_SNAPSHOTS/live_backup_1760728038/.venv/lib/python3.12/site-packages/click/exceptions.py
ing@MSI:~/RICK/RICK_LIVE_CLEAN$ find /home/ing/RICK -type f -name "*.py" -path "*/logic/*" -o -name "*regime*" -o -name "*wolf*" -o -name "*strategy*" 2>/dev/null | grep -v ".venv" | grep -v "ROLLBACK" | sort
/home/ing/RICK/Dev_unibot_v001/.git/logs/refs/heads/wolfpack-prototype
/home/ing/RICK/Dev_unibot_v001/.git/logs/refs/remotes/origin/wolfpack-prototype
/home/ing/RICK/Dev_unibot_v001/.git/refs/heads/wolfpack-prototype
/home/ing/RICK/Dev_unibot_v001/.git/refs/remotes/origin/wolfpack-prototype
/home/ing/RICK/Dev_unibot_v001/REVIEW/__pycache__/gs_gs_calibrate_wolfpack.cpython-312.pyc
/home/ing/RICK/Dev_unibot_v001/REVIEW/gs_conf.strategy_packs.yaml
/home/ing/RICK/Dev_unibot_v001/REVIEW/gs_conf.strategy_packs.yaml.copy
/home/ing/RICK/Dev_unibot_v001/REVIEW/gs_gs_calibrate_wolfpack.py.copy
/home/ing/RICK/Dev_unibot_v001/REVIEW/legacy_wolf_pack_orchestrator.py.copy
/home/ing/RICK/Dev_unibot_v001/__pycache__/wolf_pack_orchestrator.cpython-312.pyc
/home/ing/RICK/Dev_unibot_v001/config/wolfpack_config.yaml
/home/ing/RICK/Dev_unibot_v001/gs/__pycache__/enhanced_wolf_test.cpython-312-pytest-8.4.2.pyc
/home/ing/RICK/Dev_unibot_v001/gs/__pycache__/enhanced_wolf_test.cpython-312.pyc
/home/ing/RICK/Dev_unibot_v001/gs/__pycache__/gs_calibrate_wolfpack.cpython-312.pyc
/home/ing/RICK/Dev_unibot_v001/gs/__pycache__/hive_mind_wolf_pack.cpython-312.pyc
/home/ing/RICK/Dev_unibot_v001/gs/__pycache__/simple_wolf_test.cpython-312-pytest-8.4.2.pyc
/home/ing/RICK/Dev_unibot_v001/gs/__pycache__/simple_wolf_test.cpython-312.pyc
/home/ing/RICK/Dev_unibot_v001/gs/__pycache__/test_wolfpack_strategies.cpython-312-pytest-8.4.2.pyc
/home/ing/RICK/Dev_unibot_v001/gs/__pycache__/test_wolfpack_strategies.cpython-312.pyc
/home/ing/RICK/Dev_unibot_v001/gs/conf/strategy_packs.yaml
/home/ing/RICK/Dev_unibot_v001/gs/enhanced_wolf_test.py
/home/ing/RICK/Dev_unibot_v001/gs/gs_calibrate_wolfpack.py
/home/ing/RICK/Dev_unibot_v001/gs/helpers/volatility_regime.py
/home/ing/RICK/Dev_unibot_v001/gs/hive_mind_wolf_pack.py
/home/ing/RICK/Dev_unibot_v001/gs/overwrites_extracted/files_sitting_in_old_bot_root/__pycache__/market_regime_detector.cpython-312.pyc
/home/ing/RICK/Dev_unibot_v001/gs/overwrites_extracted/files_sitting_in_old_bot_root/__pycache__/wolfpack_regime_engine.cpython-312.pyc
/home/ing/RICK/Dev_unibot_v001/gs/overwrites_extracted/files_sitting_in_old_bot_root/__pycache__/wolfpack_unified_system.cpython-312.pyc
/home/ing/RICK/Dev_unibot_v001/gs/overwrites_extracted/files_sitting_in_old_bot_root/market_regime_detector.py
/home/ing/RICK/Dev_unibot_v001/gs/overwrites_extracted/files_sitting_in_old_bot_root/wolfpack_ml_latest.pkl
/home/ing/RICK/Dev_unibot_v001/gs/overwrites_extracted/files_sitting_in_old_bot_root/wolfpack_regime_engine.py
/home/ing/RICK/Dev_unibot_v001/gs/overwrites_extracted/files_sitting_in_old_bot_root/wolfpack_unified_system.py
/home/ing/RICK/Dev_unibot_v001/gs/reports/__pycache__/create_wolf_pack_pdf.cpython-312.pyc
/home/ing/RICK/Dev_unibot_v001/gs/reports/create_wolf_pack_pdf.py
/home/ing/RICK/Dev_unibot_v001/gs/reports/enhanced_wolfpack_comparison.json
/home/ing/RICK/Dev_unibot_v001/gs/reports/wolf_pack_final_analysis.md
/home/ing/RICK/Dev_unibot_v001/gs/reports/wolf_pack_final_analysis.pdf
/home/ing/RICK/Dev_unibot_v001/gs/reports/wolfpack_strategy_comparison.json
/home/ing/RICK/Dev_unibot_v001/gs/reports/wolfpack_summary.md
/home/ing/RICK/Dev_unibot_v001/gs/reports/wolfpack_summary_plain.md
/home/ing/RICK/Dev_unibot_v001/gs/reports/wolfpack_summary_plain.pdf
/home/ing/RICK/Dev_unibot_v001/gs/run/gs-20250919-000047/wolfpack_gs_calibrate_gs-20250919-000047.json
/home/ing/RICK/Dev_unibot_v001/gs/run/gs-20250919-001251/wolfpack_gs_calibrate_gs-20250919-001251.json
/home/ing/RICK/Dev_unibot_v001/gs/run/gs-20250919-002658/wolfpack_gs_calibrate_gs-20250919-002658.json
/home/ing/RICK/Dev_unibot_v001/gs/run/gs-20250919-012843/wolfpack_gs_calibrate_gs-20250919-012843.json
/home/ing/RICK/Dev_unibot_v001/gs/run/gs-20250919-013154/wolfpack_gs_calibrate_gs-20250919-013154.json
/home/ing/RICK/Dev_unibot_v001/gs/run/gs-20250919-013839/wolfpack_gs_calibrate_gs-20250919-013839.json
/home/ing/RICK/Dev_unibot_v001/gs/simple_wolf_test.py
/home/ing/RICK/Dev_unibot_v001/gs/strategies/__pycache__/bearish_regime_pack.cpython-312.pyc
/home/ing/RICK/Dev_unibot_v001/gs/strategies/__pycache__/bearish_wolf_pack.cpython-312.pyc
/home/ing/RICK/Dev_unibot_v001/gs/strategies/__pycache__/bullish_regime_pack.cpython-312.pyc
/home/ing/RICK/Dev_unibot_v001/gs/strategies/__pycache__/bullish_wolf_pack.cpython-312.pyc
/home/ing/RICK/Dev_unibot_v001/gs/strategies/__pycache__/reversal_wolf_pack.cpython-312.pyc
/home/ing/RICK/Dev_unibot_v001/gs/strategies/bearish_regime_pack.py
/home/ing/RICK/Dev_unibot_v001/gs/strategies/bearish_wolf_pack.py
/home/ing/RICK/Dev_unibot_v001/gs/strategies/bullish_regime_pack.py
/home/ing/RICK/Dev_unibot_v001/gs/strategies/bullish_wolf_pack.py
/home/ing/RICK/Dev_unibot_v001/gs/strategies/reversal_wolf_pack.py
/home/ing/RICK/Dev_unibot_v001/gs/test_wolfpack_strategies.py
/home/ing/RICK/Dev_unibot_v001/gs/triage/gs-20250919-013839/wolfpack_gs_calibrate_gs-20250919-013839.json
/home/ing/RICK/Dev_unibot_v001/legacy_deterministic_20250923T082401Z/REVIEW/gs_gs_calibrate_wolfpack.py
/home/ing/RICK/Dev_unibot_v001/legacy_large_files_20250923T073440Z/SYSTEM_VERSIONS/v001_simplified_ten_year_success/A_new_folders_and_files_9.6.25/live/strategy
/home/ing/RICK/Dev_unibot_v001/legacy_large_files_20250923T073440Z/SYSTEM_VERSIONS/v001_simplified_ten_year_success/A_new_folders_and_files_9.6.25/live/strategy/regime_and_packs.py
/home/ing/RICK/Dev_unibot_v001/legacy_large_files_20250923T073440Z/UNIBOT_DEVELOPER_CORE_20250903_120537/__pycache__/market_regime_detector.cpython-312.pyc
/home/ing/RICK/Dev_unibot_v001/legacy_large_files_20250923T073440Z/UNIBOT_DEVELOPER_CORE_20250903_120537/__pycache__/strategy_implementation.cpython-312.pyc
/home/ing/RICK/Dev_unibot_v001/legacy_large_files_20250923T073440Z/UNIBOT_DEVELOPER_CORE_20250903_120537/market_regime_detector.py
/home/ing/RICK/Dev_unibot_v001/legacy_large_files_20250923T073440Z/UNIBOT_DEVELOPER_CORE_20250903_120537/strategy_engine.py
/home/ing/RICK/Dev_unibot_v001/legacy_large_files_20250923T073440Z/UNIBOT_DEVELOPER_CORE_20250903_120537/strategy_extraction_prompts.md
/home/ing/RICK/Dev_unibot_v001/legacy_large_files_20250923T073440Z/UNIBOT_DEVELOPER_CORE_20250903_120537/strategy_implementation.py
/home/ing/RICK/Dev_unibot_v001/legacy_large_files_20250923T073440Z/UNIBOT_DEVELOPER_CORE_20250903_120537/tonight_strategy.py
/home/ing/RICK/Dev_unibot_v001/legacy_large_files_20250923T073440Z/UNIBOT_DEVELOPER_CORE_20250903_120537/wolfpack_regime_engine.py
/home/ing/RICK/Dev_unibot_v001/legacy_large_files_20250923T073440Z/UNIBOT_DEVELOPER_CORE_20250903_120537/wolfpack_unified_system.py
/home/ing/RICK/Dev_unibot_v001/legacy_large_files_20250923T073440Z/legacy_leftovers/duplicates_moved/__pycache__/strategy_engine.cpython-312.pyc
/home/ing/RICK/Dev_unibot_v001/legacy_large_files_20250923T073440Z/legacy_leftovers/duplicates_moved/__pycache__/strategy_implementation.cpython-312.pyc
/home/ing/RICK/Dev_unibot_v001/legacy_large_files_20250923T073440Z/legacy_leftovers/duplicates_moved/__pycache__/wolfpack_regime_engine.cpython-312.pyc
/home/ing/RICK/Dev_unibot_v001/legacy_large_files_20250923T073440Z/legacy_leftovers/duplicates_moved/__pycache__/wolfpack_unified_system.cpython-312.pyc
/home/ing/RICK/Dev_unibot_v001/legacy_large_files_20250923T073440Z/legacy_leftovers/duplicates_moved/strategy_engine.py
/home/ing/RICK/Dev_unibot_v001/legacy_large_files_20250923T073440Z/legacy_leftovers/duplicates_moved/strategy_implementation.py
/home/ing/RICK/Dev_unibot_v001/legacy_large_files_20250923T073440Z/legacy_leftovers/duplicates_moved/wolfpack_regime_engine.py
/home/ing/RICK/Dev_unibot_v001/legacy_large_files_20250923T073440Z/legacy_leftovers/duplicates_moved/wolfpack_unified_system.py
/home/ing/RICK/Dev_unibot_v001/legacy_large_files_20250923T073440Z/wolfpack_bullish.py
/home/ing/RICK/Dev_unibot_v001/live/__pycache__/wolfpack_unified.cpython-312.pyc
/home/ing/RICK/Dev_unibot_v001/live/strategies/__pycache__/extracted_profitable_strategy.cpython-312.pyc
/home/ing/RICK/Dev_unibot_v001/live/strategies/__pycache__/proven_strategy_base.cpython-312.pyc
/home/ing/RICK/Dev_unibot_v001/live/strategies/extracted_profitable_strategy.py
/home/ing/RICK/Dev_unibot_v001/live/strategies/proven_strategy_base.py
/home/ing/RICK/Dev_unibot_v001/live/wolfpack_unified.py
/home/ing/RICK/Dev_unibot_v001/logs/wolfpack_unified_demo.json
/home/ing/RICK/Dev_unibot_v001/original_strategies/__pycache__/wolfpack_bearish.cpython-312.pyc
/home/ing/RICK/Dev_unibot_v001/original_strategies/__pycache__/wolfpack_crisis.cpython-312.pyc
/home/ing/RICK/Dev_unibot_v001/original_strategies/__pycache__/wolfpack_orchestrator.cpython-312.pyc
/home/ing/RICK/Dev_unibot_v001/original_strategies/__pycache__/wolfpack_sideways.cpython-312.pyc
/home/ing/RICK/Dev_unibot_v001/original_strategies/wolfpack_bearish.py
/home/ing/RICK/Dev_unibot_v001/original_strategies/wolfpack_crisis.py
/home/ing/RICK/Dev_unibot_v001/original_strategies/wolfpack_orchestrator.py
/home/ing/RICK/Dev_unibot_v001/original_strategies/wolfpack_sideways.py
/home/ing/RICK/Dev_unibot_v001/scripts/__pycache__/run_wolfpack_local.cpython-312.pyc
/home/ing/RICK/Dev_unibot_v001/scripts/run_wolfpack_local.py
/home/ing/RICK/Dev_unibot_v001/strategies/__pycache__/wolfpack_bearish.cpython-312.pyc
/home/ing/RICK/Dev_unibot_v001/strategies/__pycache__/wolfpack_bullish.cpython-312.pyc
/home/ing/RICK/Dev_unibot_v001/strategies/__pycache__/wolfpack_crisis.cpython-312.pyc
/home/ing/RICK/Dev_unibot_v001/strategies/__pycache__/wolfpack_orchestrator.cpython-312.pyc
/home/ing/RICK/Dev_unibot_v001/strategies/__pycache__/wolfpack_sideways.cpython-312.pyc
/home/ing/RICK/Dev_unibot_v001/strategies/wolfpack_bearish.py
/home/ing/RICK/Dev_unibot_v001/strategies/wolfpack_bullish.py
/home/ing/RICK/Dev_unibot_v001/strategies/wolfpack_crisis.py
/home/ing/RICK/Dev_unibot_v001/strategies/wolfpack_orchestrator.py
/home/ing/RICK/Dev_unibot_v001/strategies/wolfpack_sideways.py
/home/ing/RICK/Dev_unibot_v001/wolf_pack_orchestrator.py
/home/ing/RICK/Dev_unibot_v001/wolfpack_hybrid
/home/ing/RICK/RICK_LIVE_CLEAN/RICK_LIVE_PROTOTYPE/logic/smart_logic.py
/home/ing/RICK/RICK_LIVE_CLEAN/RICK_LIVE_PROTOTYPE/wolf_packs
/home/ing/RICK/RICK_LIVE_CLEAN/configs/wolfpack_config.json
/home/ing/RICK/RICK_LIVE_CLEAN/logic/__pycache__/regime_detector.cpython-312.pyc
/home/ing/RICK/RICK_LIVE_CLEAN/logic/regime_detector.py
/home/ing/RICK/RICK_LIVE_CLEAN/logic/smart_logic.py
/home/ing/RICK/RICK_LIVE_CLEAN/scripts/quickstart_wolfpack_hardening.sh
/home/ing/RICK/RICK_LIVE_CLEAN/scripts/wolfpack_autonomy_hardening.sh
/home/ing/RICK/RICK_LIVE_CLEAN/util/__pycache__/strategy_aggregator.cpython-312.pyc
/home/ing/RICK/RICK_LIVE_CLEAN/util/strategy_aggregator.py
/home/ing/RICK/RICK_LIVE_CLEAN/wolf_packs
/home/ing/RICK/RICK_LIVE_PROTOTYPE/.archive_legacy_python/test_wolf_pack.py
/home/ing/RICK/RICK_LIVE_PROTOTYPE/configs/wolfpack_config.json
/home/ing/RICK/RICK_LIVE_PROTOTYPE/strategies/bearish_wolf.py
/home/ing/RICK/RICK_LIVE_PROTOTYPE/strategies/bullish_wolf.py
/home/ing/RICK/RICK_LIVE_PROTOTYPE/strategies/sideways_wolf.py
/home/ing/RICK/RICK_LIVE_PROTOTYPE/tools/strategy_status.py
/home/ing/RICK/RICK_LIVE_PROTOTYPE/util/__pycache__/strategy_aggregator.cpython-312.pyc
/home/ing/RICK/RICK_LIVE_PROTOTYPE/util/strategy_aggregator.py
/home/ing/RICK/RICK_LIVE_PROTOTYPE_BACKUP/configs/wolfpack_config.json
/home/ing/RICK/RICK_LIVE_PROTOTYPE_BACKUP/strategies/bearish_wolf.py
/home/ing/RICK/RICK_LIVE_PROTOTYPE_BACKUP/strategies/bullish_wolf.py
/home/ing/RICK/RICK_LIVE_PROTOTYPE_BACKUP/strategies/sideways_wolf.py
/home/ing/RICK/RICK_LIVE_PROTOTYPE_BACKUP/test_wolf_pack.py
/home/ing/RICK/RICK_LIVE_PROTOTYPE_BACKUP/util/strategy_aggregator.py
/home/ing/RICK/R_H_UNI/RBOTZILLA_FINAL_v001/logic/smart_logic.py
/home/ing/RICK/R_H_UNI/RBOTZILLA_FINAL_v001/wolf_packs
/home/ing/RICK/R_H_UNI/RICK_LIVE_DEPLOYMENT/configs/wolfpack_config.json
/home/ing/RICK/R_H_UNI/RICK_LIVE_DEPLOYMENT/logic/regime_detector.py
/home/ing/RICK/R_H_UNI/RICK_LIVE_DEPLOYMENT/logic/smart_logic.py
/home/ing/RICK/R_H_UNI/RICK_LIVE_DEPLOYMENT/paper_trade_logs_20251008_134456/config_snapshots/configs_initial/wolfpack_config.json
/home/ing/RICK/R_H_UNI/RICK_LIVE_DEPLOYMENT/wolf_packs
/home/ing/RICK/R_H_UNI/RICK_LIVE_PROTOTYPE/logic/smart_logic.py
/home/ing/RICK/R_H_UNI/RICK_LIVE_PROTOTYPE/wolf_packs
/home/ing/RICK/R_H_UNI/configs/wolfpack_config.json
/home/ing/RICK/R_H_UNI/logic/__pycache__/regime_detector.cpython-312.pyc
/home/ing/RICK/R_H_UNI/logic/regime_detector.py
/home/ing/RICK/R_H_UNI/logic/smart_logic.py
/home/ing/RICK/R_H_UNI/packages/live_gui/src/configs/wolfpack_config.json
/home/ing/RICK/R_H_UNI/r_h_uni/logic/fusion_hybridizer.py
/home/ing/RICK/R_H_UNI/scripts/quickstart_wolfpack_hardening.sh
/home/ing/RICK/R_H_UNI/scripts/wolfpack_autonomy_hardening.sh
/home/ing/RICK/R_H_UNI/strategies/bearish_wolf.py
/home/ing/RICK/R_H_UNI/strategies/bullish_wolf.py
/home/ing/RICK/R_H_UNI/strategies/sideways_wolf.py
/home/ing/RICK/R_H_UNI/test_wolf_pack.py
/home/ing/RICK/R_H_UNI/tests/wolf_packs
/home/ing/RICK/R_H_UNI/util/__pycache__/strategy_aggregator.cpython-312.pyc
/home/ing/RICK/R_H_UNI/util/strategy_aggregator.py
/home/ing/RICK/R_H_UNI/wolf_packs
/home/ing/RICK/R_H_UNI_BLOAT_ARCHIVE/backups/backup_20250929_114453/wolfpack_config.json
/home/ing/RICK/R_H_UNI_BLOAT_ARCHIVE/extracted_legacy/_hessian_update_strategy.py
/home/ing/RICK/R_H_UNI_BLOAT_ARCHIVE/extracted_legacy/bearish_regime_pack.py
/home/ing/RICK/R_H_UNI_BLOAT_ARCHIVE/extracted_legacy/bullish_regime_pack.py
/home/ing/RICK/R_H_UNI_BLOAT_ARCHIVE/extracted_legacy/create_wolf_pack_pdf.py
/home/ing/RICK/R_H_UNI_BLOAT_ARCHIVE/extracted_legacy/enhanced_wolf_test.py
/home/ing/RICK/R_H_UNI_BLOAT_ARCHIVE/extracted_legacy/market_regime_detector.py
/home/ing/RICK/R_H_UNI_BLOAT_ARCHIVE/extracted_legacy/strategy_engine.py
/home/ing/RICK/R_H_UNI_BLOAT_ARCHIVE/extracted_legacy/strategy_implementation.py
/home/ing/RICK/R_H_UNI_BLOAT_ARCHIVE/extracted_legacy/test_hessian_update_strategy.py
/home/ing/RICK/R_H_UNI_BLOAT_ARCHIVE/extracted_legacy/wolfpack_bearish.py
/home/ing/RICK/R_H_UNI_BLOAT_ARCHIVE/extracted_legacy/wolfpack_bullish.py
/home/ing/RICK/R_H_UNI_BLOAT_ARCHIVE/extracted_legacy/wolfpack_regime_engine.py
/home/ing/RICK/R_H_UNI_BLOAT_ARCHIVE/extracted_legacy/wolfpack_sideways.py
/home/ing/RICK/R_H_UNI_BLOAT_ARCHIVE/extracted_legacy/wolfpack_unified_system.py
ing@MSI:~/RICK/RICK_LIVE_CLEAN$ ls -la /home/ing/RICK/R_H_UNI/strategies/ 2>/dev/null
total 112
drwxrwxrwx+  3 ing ing  4096 Sep 26 23:24 .
drwxrwxrwx+ 78 ing ing 28672 Oct 20 06:40 ..
drwxrwxrwx+  2 ing ing  4096 Oct  2 05:02 __pycache__
-rwxrwxrwx+  1 ing ing 19037 Sep 26 22:47 bearish_wolf.py
-rwxrwxrwx+  1 ing ing 17665 Sep 26 22:46 bullish_wolf.py
-rwxrwxrwx+  1 ing ing 22489 Sep 26 22:49 sideways_wolf.py
ing@MSI:~/RICK/RICK_LIVE_CLEAN$ head -80 /home/ing/RICK/R_H_UNI/strategies/bullish_wolf.py
#!/usr/bin/env python3
"""
RBOTzilla UNI - Bullish Wolf Pack Strategy
Regime-specific bull market trading with multi-indicator confluence.
M15-H1 timeframes | PIN: 841921 | Phase 12
"""

import numpy as np
import pandas as pd
from typing import Dict, List, Any, Optional
import logging
from datetime import datetime, timezone

class BullishWolf:
    """
    PROF_QUANT (35%): Advanced regime logic and confluence scoring for bull markets
    ENGINEER (30%): RSI, Bollinger Bands, MACD, Volume technical implementation  
    TRADER_PSYCH (20%): Signal filtering and trade psychology
    MENTOR_BK (15%): Strategy naming and comprehensive documentation
    
    Bull market characteristics:
    - Strong uptrends with higher highs/higher lows
    - RSI momentum confirmation (30-70 range preference)
    - Bollinger Band breakouts to upside
    - MACD bullish crossovers and positive histogram
    - Volume confirmation on breakouts
    """
    
    def __init__(self, pin: int = 841921):
        """Initialize Bullish Wolf with PIN authentication"""
        if pin != 841921:
            raise ValueError("Invalid PIN for Bullish Wolf Strategy")
        
        self.pin_verified = True
        self.regime = "BULLISH"
        self.confidence_threshold = 0.65
        
        # Technical indicator parameters
        self.rsi_period = 14
        self.bb_period = 20
        self.bb_std = 2.0
        self.macd_fast = 12
        self.macd_slow = 26
        self.macd_signal = 9
        self.volume_ma_period = 20
        
        # Bull market signal weights
        self.indicator_weights = {
            'rsi': 0.25,      # RSI momentum (25%)
            'bollinger': 0.25, # BB position and breakout (25%)  
            'macd': 0.30,     # MACD trend and momentum (30%)
            'volume': 0.20    # Volume confirmation (20%)
        }
        
        self.logger = logging.getLogger(f"BullishWolf_{pin}")
        self.logger.info("Bullish Wolf Pack Strategy initialized - Bull regime active")
    
    def calculate_rsi(self, prices: pd.Series, period: int = None) -> pd.Series:
        """Calculate Relative Strength Index"""
        if period is None:
            period = self.rsi_period
            
        delta = prices.diff()
        gain = (delta.where(delta > 0, 0)).rolling(window=period).mean()
        loss = (-delta.where(delta < 0, 0)).rolling(window=period).mean()
        
        rs = gain / loss
        rsi = 100 - (100 / (1 + rs))
        return rsi
    
    def calculate_bollinger_bands(self, prices: pd.Series, period: int = None, std: float = None) -> Dict[str, pd.Series]:
        """Calculate Bollinger Bands"""
        if period is None:
            period = self.bb_period
        if std is None:
            std = self.bb_std
            
        sma = prices.rolling(window=period).mean()
        rolling_std = prices.rolling(window=period).std()
        
ing@MSI:~/RICK/RICK_LIVE_CLEAN$ head -80 /home/ing/RICK/R_H_UNI/logic/regime_detector.py
#!/usr/bin/env python3
"""
Stochastic Regime Detector - RBOTzilla UNI Phase 5
Market regime classification using volatility and trend analysis.
PIN: 841921 | Generated: 2025-09-26
"""

import numpy as np
import logging
from typing import Dict, List, Optional, Any
from dataclasses import dataclass
from enum import Enum
from datetime import datetime, timezone

class MarketRegime(Enum):
    BULL = "bull"
    BEAR = "bear"  
    SIDEWAYS = "sideways"
    CRASH = "crash"
    TRIAGE = "triage"

@dataclass
class RegimeData:
    regime: MarketRegime
    confidence: float
    volatility: float
    trend_strength: float
    regime_probabilities: Dict[str, float]

class StochasticRegimeDetector:
    def __init__(self, pin: int = None):
        if pin and pin != 841921:
            raise PermissionError("Invalid PIN")
        self.lookback_period = 50
        
    def _calculate_volatility(self, prices: np.ndarray) -> float:
        """Calculate rolling volatility using standard deviation"""
        if len(prices) < 2:
            return 0.0
        returns = np.diff(prices) / prices[:-1]
        return np.std(returns) * np.sqrt(252)  # Annualized
        
    def _calculate_trend_strength(self, prices: np.ndarray) -> float:
        """Calculate trend using linear regression slope"""
        if len(prices) < 2:
            return 0.0
        x = np.arange(len(prices))
        slope, _ = np.polyfit(x, prices, 1)
        return slope / np.mean(prices)
        
    def _calculate_regime_probabilities(self, vol: float, trend: float) -> Dict[str, float]:
        """Calculate regime probabilities using softmax"""
        # Base scores for each regime
        scores = {}
        
        # Bull: positive trend, controlled volatility
        scores[MarketRegime.BULL.value] = max(0, trend * 10) * max(0.1, 1.0 - vol * 5)
        
        # Bear: negative trend
        scores[MarketRegime.BEAR.value] = max(0, -trend * 10) * min(2.0, 1.0 + vol * 2)
        
        # Sideways: low trend, low vol
        scores[MarketRegime.SIDEWAYS.value] = max(0, 1.0 - abs(trend) * 20) * max(0.1, 1.0 - vol * 10)
        
        # Crash: extreme negative trend + high vol
        if trend < -0.02 and vol > 0.05:
            scores[MarketRegime.CRASH.value] = (-trend * 20) * (vol * 10)
        else:
            scores[MarketRegime.CRASH.value] = 0.1
            
        # Triage: uncertainty baseline
        scores[MarketRegime.TRIAGE.value] = 1.0
        if vol > 0.03:
            scores[MarketRegime.TRIAGE.value] *= 1.5
            
        # Add stochastic noise
        np.random.seed(int(datetime.now().timestamp() * 1000) % 2**32)
        noise = np.random.normal(0, 0.05, len(scores))
        
        score_values = np.array(list(scores.values())) + noise
ing@MSI:~/RICK/RICK_LIVE_CLEAN$ head -120 /home/ing/RICK/R_H_UNI/logic/smart_logic.py
#!/usr/bin/env python3
"""
Smart Logic Filters - RBOTzilla UNI Phase 6
Signal validation with RR, FVG, Fibonacci confluence scoring.
PIN: 841921 | Generated: 2025-09-26
"""

import numpy as np
import logging
from typing import Dict, List, Tuple, Optional, Any
from dataclasses import dataclass, asdict
from enum import Enum
from datetime import datetime, timezone
import json

import numpy as np
import logging
from typing import Dict, List, Tuple, Optional, Any
from dataclasses import dataclass, asdict
from enum import Enum
from datetime import datetime, timezone
import json

# Simplified charter constants for testing
class RickCharter:
    MIN_RISK_REWARD_RATIO = 3.0
    PIN = 841921
    
    @classmethod
    def validate_pin(cls, pin):
        return pin == cls.PIN
    
    @classmethod
    def validate_risk_reward(cls, ratio):
        return ratio >= cls.MIN_RISK_REWARD_RATIO

# Simplified event tracking
class EventType:
    PHASE_START = "phase_start"
    PHASE_COMPLETE = "phase_complete"
    SYSTEM_ERROR = "system_error"

class SimpleTracker:
    def log_event(self, event_type, component, message, details=None):
        print(f"[{component}] {message}")

def get_tracker():
    return SimpleTracker()

class FilterResult(Enum):
    """Filter validation results"""
    PASS = "pass"
    FAIL = "fail"
    WEAK = "weak"
    STRONG = "strong"

class SignalStrength(Enum):
    """Signal strength classifications"""
    STRONG_BUY = "strong_buy"
    BUY = "buy"
    WEAK_BUY = "weak_buy"
    NEUTRAL = "neutral"
    WEAK_SELL = "weak_sell"
    SELL = "sell"
    STRONG_SELL = "strong_sell"

@dataclass
class FilterScore:
    """Individual filter scoring result"""
    filter_name: str
    passed: bool
    score: float          # 0.0 to 1.0
    weight: float         # Filter importance weight
    reason: str
    details: Optional[Dict[str, Any]] = None

@dataclass
class SignalValidation:
    """Complete signal validation result"""
    passed: bool
    score: float          # Weighted average score
    reject_reason: Optional[str]
    filter_scores: List[FilterScore]
    risk_reward_ratio: float
    confluence_count: int
    validation_timestamp: str
    charter_compliant: bool

class SmartLogicFilter:
    """
    Advanced signal validation system with confluence scoring
    Enforces RICK Charter compliance with weighted filter system
    """
    
    def __init__(self, pin: int = None):
        """Initialize smart logic filter system"""
        if pin and not RickCharter.validate_pin(pin):
            raise PermissionError("Invalid PIN for SmartLogicFilter access")
        
        self.pin_verified = pin == RickCharter.PIN if pin else False
        self.logger = logging.getLogger(__name__)
        self.tracker = get_tracker()
        
        # Filter weights (sum should equal 1.0)
        self.filter_weights = {
            "risk_reward": 0.30,      # Hard requirement, high weight
            "fvg_confluence": 0.25,   # Fair Value Gap alignment
            "fibonacci": 0.20,        # Fibonacci retracement/extension
            "volume_profile": 0.15,   # Volume-based validation
            "momentum": 0.10          # Momentum confirmation
        }
        
        # Minimum scores for passage
        self.min_total_score = 0.65    # 65% minimum confluence
        self.min_confluence_count = 2   # At least 2 filters must pass
        
        # Fibonacci levels for confluence
        self.fib_levels = [0.236, 0.382, 0.5, 0.618, 0.786, 1.0, 1.618, 2.618]
        
        self.logger.info("SmartLogicFilter initialized with charter enforcement")
ing@MSI:~/RICK/RICK_LIVE_CLEAN$ ls -la /home/ing/RICK/RICK_LIVE_CLEAN/wolf_packs/ 2>/dev/null | head -20
total 60
drwxrwxrwx+  3 ing ing  4096 Oct 11 03:13 .
drwxrwxrwx+ 40 ing ing 20480 Oct 23 21:50 ..
-rwxrwxrwx+  1 ing ing   117 Oct 11 03:13 __init__.py
drwxrwxrwx+  2 ing ing  4096 Oct 20 17:22 __pycache__
-rwxrwxrwx+  1 ing ing   220 Oct 11 03:13 _base.py
-rwxrwxrwx+  1 ing ing  1189 Oct 11 03:13 extracted_oanda.py
-rwxrwxrwx+  1 ing ing   430 Oct 11 03:13 orchestrator.py
-rwxrwxrwx+  1 ing ing  1321 Oct 11 03:13 stochastic_config.py
ing@MSI:~/RICK/RICK_LIVE_CLEAN$ ls -la /home/ing/RICK/RICK_LIVE_CLEAN/logic/ && echo "---" && ls -la /home/ing/RICK/RICK_LIVE_CLEAN/hive/ | grep -E "\.py$"
total 84
drwxrwxrwx+  3 ing ing  4096 Oct 11 03:14 .
drwxrwxrwx+ 40 ing ing 20480 Oct 23 21:50 ..
drwxrwxrwx+  2 ing ing  4096 Oct 12 13:44 __pycache__
-rwxrwxrwx+  1 ing ing  6686 Oct 11 03:14 regime_detector.py
-r-xr-xr-x+  1 ing ing 32775 Oct 11 03:14 smart_logic.py
---
-rwxrwxrwx+  1 ing ing 14632 Oct 14 00:40 adaptive_rick.py
-rwxrwxrwx+  1 ing ing 21222 Oct 11 03:13 browser_ai_connector.py
-rwxrwxrwx+  1 ing ing 23018 Oct 19 22:27 crypto_entry_gate_system.py
-rwxrwxr-x+  1 ing ing  7911 Oct 25 23:06 guardian_gates.py
-rwxrwxrwx+  1 ing ing     0 Oct 11 03:13 hive_mind_processor.py
-rwxrwxrwx+  1 ing ing 12727 Oct 12 05:28 rick_hive_browser.py
-rwxrwxrwx+  1 ing ing  4043 Oct 11 03:13 rick_hive_mind.py
-rwxrwxrwx+  1 ing ing  8213 Oct 14 00:40 rick_local_ai.py
ing@MSI:~/RICK/RICK_LIVE_CLEAN$ PIN: 841921 | Generated: 2025-09-26
"""

import numpy as np
import logging
from typing import Dict, List, Optional, Any
from dataclasses import dataclass
from enum import Enum
from datetime import datetime, timezone

class MarketRegime(Enum):
    BULL = "bull"
    BEAR = "bear"  
    SIDEWAYS = "sideways"
    CRASH = "crash"
    TRIAGE = "triage"

@dataclass
class RegimeData:
    regime: MarketRegime
    confidence: float
    volatility: float
    trend_strength: float
    regime_probabilities: Dict[str, float]

class StochasticRegimeDetector:
    def __init__(self, pin: int = None):
        if pin and pin != 841921:
            raise PermissionError("Invalid PIN")
        self.lookback_period = 50
        
    def _calculate_volatility(self, prices: np.ndarray) -> float:
        """Calculate rolling volatility using standard deviation"""
        if len(prices) < 2:
            return 0.0
        returns = np.diff(prices) / prices[:-1]
        return np.std(returns) * np.sqrt(252)  # Annualized
        
    def _calculate_trend_strength(self, prices: np.ndarray) -> float:
        """Calculate trend using linear regression slope"""
        if len(prices) < 2:
            return 0.0
        x = np.arange(len(prices))
        slope, _ = np.polyfit(x, prices, 1)
        return slope / np.mean(prices)
        
    def _calculate_regime_probabilities(self, vol: float, trend: float) -> Dict[str, float]:
        """Calculate regime probabilities using softmax"""
        # Base scores for each regime
        scores = {}
        
        # Bull: positive trend, controlled volatility
        scores[MarketRegime.BULL.value] = max(0, trend * 10) * max(0.1, 1.0 - vol * 5)
        
        # Bear: negative trend
        scores[MarketRegime.BEAR.value] = max(0, -trend * 10) * min(2.0, 1.0 + vol * 2)
        
        # Sideways: low trend, low vol
        scores[MarketRegime.SIDEWAYS.value] = max(0, 1.0 - abs(trend) * 20) * max(0.1, 1.0 - vol * 10)
        
        # Crash: extreme negative trend + high vol
        if trend < -0.02 and vol > 0.05:
            scores[MarketRegime.CRASH.value] = (-trend * 20) * (vol * 10)
        else:
            scores[MarketRegime.CRASH.value] = 0.1
            
        # Triage: uncertainty baseline
        scores[MarketRegime.TRIAGE.value] = 1.0
        if vol > 0.03:
            scores[MarketRegime.TRIAGE.value] *= 1.5
            
        # Add stochastic noise
        np.random.seed(int(datetime.now().timestamp() * 1000) % 2**32)
        noise = np.random.normal(0, 0.05, len(scores))
        
        score_values = np.array(list(scores.values())) + noise
ing@MSI:~/RICK/RICK_LIVE_CLEAN$ head -120 /home/ing/RICK/R_H_UNI/logic/smart_logic.py
#!/usr/bin/env python3
"""
Smart Logic Filters - RBOTzilla UNI Phase 6
Signal validation with RR, FVG, Fibonacci confluence scoring.
PIN: 841921 | Generated: 2025-09-26
"""

import numpy as np
import logging
from typing import Dict, List, Tuple, Optional, Any
from dataclasses import dataclass, asdict
from enum import Enum
from datetime import datetime, timezone
import json

import numpy as np
import logging
from typing import Dict, List, Tuple, Optional, Any
from dataclasses import dataclass, asdict
from enum import Enum
from datetime import datetime, timezone
import json

# Simplified charter constants for testing
class RickCharter:
    MIN_RISK_REWARD_RATIO = 3.0
    PIN = 841921
    
    @classmethod
    def validate_pin(cls, pin):
        return pin == cls.PIN
    
    @classmethod
    def validate_risk_reward(cls, ratio):
        return ratio >= cls.MIN_RISK_REWARD_RATIO

# Simplified event tracking
class EventType:
    PHASE_START = "phase_start"
    PHASE_COMPLETE = "phase_complete"
    SYSTEM_ERROR = "system_error"

class SimpleTracker:
    def log_event(self, event_type, component, message, details=None):
        print(f"[{component}] {message}")

def get_tracker():
    return SimpleTracker()

class FilterResult(Enum):
    """Filter validation results"""
    PASS = "pass"
    FAIL = "fail"
    WEAK = "weak"
    STRONG = "strong"

class SignalStrength(Enum):
    """Signal strength classifications"""
    STRONG_BUY = "strong_buy"
    BUY = "buy"
    WEAK_BUY = "weak_buy"
    NEUTRAL = "neutral"
    WEAK_SELL = "weak_sell"
    SELL = "sell"
    STRONG_SELL = "strong_sell"

@dataclass
class FilterScore:
    """Individual filter scoring result"""
    filter_name: str
    passed: bool
    score: float          # 0.0 to 1.0
    weight: float         # Filter importance weight
    reason: str
    details: Optional[Dict[str, Any]] = None

@dataclass
class SignalValidation:
    """Complete signal validation result"""
    passed: bool
    score: float          # Weighted average score
    reject_reason: Optional[str]
    filter_scores: List[FilterScore]
    risk_reward_ratio: float
    confluence_count: int
    validation_timestamp: str
    charter_compliant: bool

class SmartLogicFilter:
    """
    Advanced signal validation system with confluence scoring
    Enforces RICK Charter compliance with weighted filter system
    """
    
    def __init__(self, pin: int = None):
        """Initialize smart logic filter system"""
        if pin and not RickCharter.validate_pin(pin):
            raise PermissionError("Invalid PIN for SmartLogicFilter access")
        
        self.pin_verified = pin == RickCharter.PIN if pin else False
        self.logger = logging.getLogger(__name__)
        self.tracker = get_tracker()
        
        # Filter weights (sum should equal 1.0)
        self.filter_weights = {
            "risk_reward": 0.30,      # Hard requirement, high weight
            "fvg_confluence": 0.25,   # Fair Value Gap alignment
            "fibonacci": 0.20,        # Fibonacci retracement/extension
            "volume_profile": 0.15,   # Volume-based validation
            "momentum": 0.10          # Momentum confirmation
        }
        
        # Minimum scores for passage
        self.min_total_score = 0.65    # 65% minimum confluence
        self.min_confluence_count = 2   # At least 2 filters must pass
        
        # Fibonacci levels for confluence
        self.fib_levels = [0.236, 0.382, 0.5, 0.618, 0.786, 1.0, 1.618, 2.618]
        
        self.logger.info("SmartLogicFilter initialized with charter enforcement")
ing@MSI:~/RICK/RICK_LIVE_CLEAN$ ls -la /home/ing/RICK/RICK_LIVE_CLEAN/wolf_packs/ 2>/dev/null | head -20
total 60
drwxrwxrwx+  3 ing ing  4096 Oct 11 03:13 .
drwxrwxrwx+ 40 ing ing 20480 Oct 23 21:50 ..
-rwxrwxrwx+  1 ing ing   117 Oct 11 03:13 __init__.py
drwxrwxrwx+  2 ing ing  4096 Oct 20 17:22 __pycache__
-rwxrwxrwx+  1 ing ing   220 Oct 11 03:13 _base.py
-rwxrwxrwx+  1 ing ing  1189 Oct 11 03:13 extracted_oanda.py
-rwxrwxrwx+  1 ing ing   430 Oct 11 03:13 orchestrator.py
-rwxrwxrwx+  1 ing ing  1321 Oct 11 03:13 stochastic_config.py
ing@MSI:~/RICK/RICK_LIVE_CLEAN$ ls -la /home/ing/RICK/RICK_LIVE_CLEAN/logic/ && echo "---" && ls -la /home/ing/RICK/RICK_LIVE_CLEAN/hive/ | grep -E "\.py$"
total 84
drwxrwxrwx+  3 ing ing  4096 Oct 11 03:14 .
drwxrwxrwx+ 40 ing ing 20480 Oct 23 21:50 ..
drwxrwxrwx+  2 ing ing  4096 Oct 12 13:44 __pycache__
-rwxrwxrwx+  1 ing ing  6686 Oct 11 03:14 regime_detector.py
-r-xr-xr-x+  1 ing ing 32775 Oct 11 03:14 smart_logic.py
---
-rwxrwxrwx+  1 ing ing 14632 Oct 14 00:40 adaptive_rick.py
-rwxrwxrwx+  1 ing ing 21222 Oct 11 03:13 browser_ai_connector.py
-rwxrwxrwx+  1 ing ing 23018 Oct 19 22:27 crypto_entry_gate_system.py
-rwxrwxr-x+  1 ing ing  7911 Oct 25 23:06 guardian_gates.py
-rwxrwxrwx+  1 ing ing     0 Oct 11 03:13 hive_mind_processor.py
-rwxrwxrwx+  1 ing ing 12727 Oct 12 05:28 rick_hive_browser.py
-rwxrwxrwx+  1 ing ing  4043 Oct 11 03:13 rick_hive_mind.py
-rwxrwxrwx+  1 ing ing  8213 Oct 14 00:40 rick_local_ai.py
ing@MSI:~/RICK/RICK_LIVE_CLEAN$ cd /home/ing/RICK/RICK_LIVE_CLEAN && python3 hive/quant_hedge_rules.py
Traceback (most recent call last):
  File "/home/ing/RICK/RICK_LIVE_CLEAN/hive/quant_hedge_rules.py", line 16, in <module>
    from foundation.rick_charter import RickCharter
ModuleNotFoundError: No module named 'foundation'
ing@MSI:~/RICK/RICK_LIVE_CLEAN$ cd /home/ing/RICK/RICK_LIVE_CLEAN && python3 hive/quant_hedge_rules.py 2>&1 | head -60
Traceback (most recent call last):
  File "/home/ing/RICK/RICK_LIVE_CLEAN/hive/quant_hedge_rules.py", line 585, in <module>
    qh = QuantHedgeRules(pin=841921)
         ^^^^^^^^^^^^^^^^^^^^^^^^^^^
  File "/home/ing/RICK/RICK_LIVE_CLEAN/hive/quant_hedge_rules.py", line 97, in __init__
    if str(pin) != RickCharter.CHARTER_PIN:
                   ^^^^^^^^^^^^^^^^^^^^^^^
AttributeError: type object 'RickCharter' has no attribute 'CHARTER_PIN'
Quant Hedge Rules self-test...
‚ùå Error: type object 'RickCharter' has no attribute 'CHARTER_PIN'
ing@MSI:~/RICK/RICK_LIVE_CLEAN$ grep -n "def validate_pin" /home/ing/RICK/RICK_LIVE_CLEAN/foundation/rick_charter.py | head -5
527:    def validate_pin(cls, pin: int) -> bool:
ing@MSI:~/RICK/RICK_LIVE_CLEAN$ cd /home/ing/RICK/RICK_LIVE_CLEAN && python3 hive/quant_hedge_rules.py 2>&1 | head -80
Quant Hedge Rules self-test...

‚úÖ Regime Detected: triage
   Volatility: extreme (47.22%)
   Risk Level: safe
   Severity Score: 0.7/100
   Primary Action: wait_for_clarity
   Position Multiplier: 0.5x
   Confidence: 60%

üìã Conditions Evaluated:
   üî¥ Volatility: REDUCE position size, consider hedges, tighter stops
   üü° Trend Strength: No clear trend, use range strategies or PAUSE
   üü° Correlation: Moderate correlation detected - monitor for concentration risk
   üü° Volume: Low volume, reduce position size by 25-50%
   üü¢ Margin Utilization: Margin OK, but elevated - monitor closely

QUANT HEDGE ANALYSIS SUMMARY:
‚îÅ‚îÅ‚îÅ‚îÅ‚îÅ‚îÅ‚îÅ‚îÅ‚îÅ‚îÅ‚îÅ‚îÅ‚îÅ‚îÅ‚îÅ‚îÅ‚îÅ‚îÅ‚îÅ‚îÅ‚îÅ‚îÅ‚îÅ‚îÅ‚îÅ‚îÅ‚îÅ‚îÅ‚îÅ‚îÅ‚îÅ‚îÅ‚îÅ
Regime: TRIAGE
Volatility: EXTREME
Risk Level: SAFE
Severity Score: 0.7/100

PRIMARY ACTION: WAIT FOR CLARITY

Market Analysis:
- Triage market detected
- extreme volatility environment
- safe risk level indicated
- Recommendation: wait for clarity

Position Sizing: Adjust multiplier based on recommendation
Hedging: Implement secondary actions if applicable

‚úÖ QuantHedgeRules module validated
ing@MSI:~/RICK/RICK_LIVE_CLEAN$ cat << 'EOF' > /tmp/summary.txt
> ‚ïî‚ïê‚ïê‚ïê‚ïê‚ïê‚ïê‚ïê‚ïê‚ïê‚ïê‚ïê‚ïê‚ïê‚ïê‚ïê‚ïê‚ïê‚ïê‚ïê‚ïê‚ïê‚ïê‚ïê‚ïê‚ïê‚ïê‚ïê‚ïê‚ïê‚ïê‚ïê‚ïê‚ïê‚ïê‚ïê‚ïê‚ïê‚ïê‚ïê‚ïê‚ïê‚ïê‚ïê‚ïê‚ïê‚ïê‚ïê‚ïê‚ïê‚ïê‚ïê‚ïê‚ïê‚ïê‚ïê‚ïê‚ïê‚ïê‚ïê‚ïê‚ïê‚ïê‚ïê‚ïê‚ïê‚ïê‚ïê‚ïê‚ïó
> ‚ïë                    RICK SYSTEM - COMPLETE SUMMARY                 ‚ïë
> ‚ïë                        October 25, 2025                            ‚ïë
> ‚ïö‚ïê‚ïê‚ïê‚ïê‚ïê‚ïê‚ïê‚ïê‚ïê‚ïê‚ïê‚ïê‚ïê‚ïê‚ïê‚ïê‚ïê‚ïê‚ïê‚ïê‚ïê‚ïê‚ïê‚ïê‚ïê‚ïê‚ïê‚ïê‚ïê‚ïê‚ïê‚ïê‚ïê‚ïê‚ïê‚ïê‚ïê‚ïê‚ïê‚ïê‚ïê‚ïê‚ïê‚ïê‚ïê‚ïê‚ïê‚ïê‚ïê‚ïê‚ïê‚ïê‚ïê‚ïê‚ïê‚ïê‚ïê‚ïê‚ïê‚ïê‚ïê‚ïê‚ïê‚ïê‚ïê‚ïê‚ïê‚ïê‚ïù
> 
> YOUR THREE MAIN REFERENCE DOCUMENTS (Click to open):
> ‚ïê‚ïê‚ïê‚ïê‚ïê‚ïê‚ïê‚ïê‚ïê‚ïê‚ïê‚ïê‚ïê‚ïê‚ïê‚ïê‚ïê‚ïê‚ïê‚ïê‚ïê‚ïê‚ïê‚ïê‚ïê‚ïê‚ïê‚ïê‚ïê‚ïê‚ïê‚ïê‚ïê‚ïê‚ïê‚ïê‚ïê‚ïê‚ïê‚ïê‚ïê‚ïê‚ïê‚ïê‚ïê‚ïê‚ïê‚ïê‚ïê‚ïê‚ïê‚ïê‚ïê‚ïê‚ïê‚ïê‚ïê‚ïê‚ïê‚ïê‚ïê‚ïê‚ïê‚ïê‚ïê‚ïê‚ïê
> 
> üìä DOCUMENT 1: ACTIVE vs INACTIVE AUDIT
>    Location: docs/ACTIVE_vs_INACTIVE_AUDIT.md
>    Contents:
>    ‚úì Side-by-side comparison of ACTIVE (8) vs INACTIVE (3+4) features
>    ‚úì All 4 market strategies (BULL/BEAR/SIDEWAYS/TRIAGE)
>    ‚úì All gate logic files with detailed specs
>    ‚úì Missing/overlooked capabilities
>    ‚úì Recommended activation roadmap
> 
> üìÇ DOCUMENT 2: FILE REFERENCE GUIDE  
>    Location: docs/FILE_REFERENCE_GUIDE.md
>    Contents:
>    ‚úì Quick reference to ALL gate logic files (clickable links)
>    ‚úì 4-regime system complete specs
>    ‚úì 3 wolf pack detailed strategies
>    ‚úì Quant edge shorting pack
>    ‚úì Implementation checklist (Week 1-4)
>    ‚úì File organization target
> 
> üîÑ DOCUMENT 3: ACTIVE WORKFLOW PIPELINE
>    Location: docs/ACTIVE_WORKFLOW_PIPELINE.md
>    Contents:
>    ‚úì Visual diagram of current active components
>    ‚úì Inactive components (ready to integrate)
>    ‚úì Features designed but not built
>    ‚úì Week-by-week activation roadmap
>    ‚úì Feature matrix (What's active vs available)
>    ‚úì Deployment status
> 
> üìå BONUS: MASTER INDEX
>    Location: docs/MASTER_INDEX.md
>    Contents:
>    ‚úì Quick navigation to all documents
>    ‚úì Complete file directory (all 40+ files)
>    ‚úì All strategies complete specs
>    ‚úì All gate logic files (complete list)
>    ‚úì Deployment matrix
>    ‚úì Success criteria
> 
> ‚ïê‚ïê‚ïê‚ïê‚ïê‚ïê‚ïê‚ïê‚ïê‚ïê‚ïê‚ïê‚ïê‚ïê‚ïê‚ïê‚ïê‚ïê‚ïê‚ïê‚ïê‚ïê‚ïê‚ïê‚ïê‚ïê‚ïê‚ïê‚ïê‚ïê‚ïê‚ïê‚ïê‚ïê‚ïê‚ïê‚ïê‚ïê‚ïê‚ïê‚ïê‚ïê‚ïê‚ïê‚ïê‚ïê‚ïê‚ïê‚ïê‚ïê‚ïê‚ïê‚ïê‚ïê‚ïê‚ïê‚ïê‚ïê‚ïê‚ïê‚ïê‚ïê‚ïê‚ïê‚ïê‚ïê‚ïê
> 
> ‚úÖ WHAT'S ACTIVE RIGHT NOW (8 Components):
> ‚ïê‚ïê‚ïê‚ïê‚ïê‚ïê‚ïê‚ïê‚ïê‚ïê‚ïê‚ïê‚ïê‚ïê‚ïê‚ïê‚ïê‚ïê‚ïê‚ïê‚ïê‚ïê‚ïê‚ïê‚ïê‚ïê‚ïê‚ïê‚ïê‚ïê‚ïê‚ïê‚ïê‚ïê‚ïê‚ïê‚ïê‚ïê‚ïê‚ïê‚ïê‚ïê‚ïê‚ïê‚ïê‚ïê‚ïê‚ïê‚ïê‚ïê‚ïê‚ïê‚ïê‚ïê‚ïê‚ïê‚ïê‚ïê‚ïê‚ïê‚ïê‚ïê‚ïê‚ïê‚ïê‚ïê‚ïê
> 
> 1. ‚úÖ Charter System (foundation/rick_charter.py)
>    - PIN: 841921
>    - Immutable constants enforced
>    - All rules locked in code
> 
> 2. ‚úÖ Guardian Gates (hive/guardian_gates.py) 
>    - Gate 1: Margin ‚â§ 35%
>    - Gate 2: Positions ‚â§ 3
>    - Gate 3: No USD correlation
>    - Gate 4: Crypto (90% hive + time window)
>    - Test: PASSING ‚úì
> 
> 3. ‚úÖ Crypto Entry Gates (hive/crypto_entry_gate_system.py)
>    - Gate 1: 90% hive consensus
>    - Gate 2: 8am-4pm ET Mon-Fri time window
>    - Gate 3: Volatility scaling (50/100/150%)
>    - Gate 4: 4/5 confluence required
>    - Test: PASSING ‚úì
> 
> 4. ‚úÖ Quant Hedge Rules (hive/quant_hedge_rules.py) - NEW ‚ú®
>    - Volatility analysis (4 levels)
>    - Trend strength detection
>    - Correlation risk assessment
>    - Volume confirmation
>    - Margin utilization checks
>    - Provides position multipliers (0.25 to 1.5x)
>    - Test: PASSING ‚úì
> 
> 5. ‚úÖ Regime Detector (logic/regime_detector.py)
>    - 5 regimes: BULL, BEAR, SIDEWAYS, CRASH, TRIAGE
>    - Volatility-based classification
>    - Trend-based classification
>    - Stochastic probability scoring
> 
> 6. ‚úÖ Smart Logic Filter (logic/smart_logic.py)
>    - 5 filter weights (Risk/Reward 30%, FVG 25%, Fib 20%, Vol 15%, Momentum 10%)
>    - Minimum 65% score required
>    - 2/5 filters must pass
>    - Full confluence scoring
> 
> 7. ‚úÖ Trading Engine (ghost_trading_charter_compliant.py)
>    - Charter enforcement (notional, RR, hold duration)
>    - Guardian gates integration ‚úì
>    - Position sizing
>    - OCO order support
>    - 578 lines
> 
> 8. ‚úÖ Canary Engine (canary_trading_engine.py)
>    - 45-minute paper trading sessions
>    - Real market data + Charter rules
>    - Expected 2-3 trades per session
>    - 283 lines
> 
> ‚ïê‚ïê‚ïê‚ïê‚ïê‚ïê‚ïê‚ïê‚ïê‚ïê‚ïê‚ïê‚ïê‚ïê‚ïê‚ïê‚ïê‚ïê‚ïê‚ïê‚ïê‚ïê‚ïê‚ïê‚ïê‚ïê‚ïê‚ïê‚ïê‚ïê‚ïê‚ïê‚ïê‚ïê‚ïê‚ïê‚ïê‚ïê‚ïê‚ïê‚ïê‚ïê‚ïê‚ïê‚ïê‚ïê‚ïê‚ïê‚ïê‚ïê‚ïê‚ïê‚ïê‚ïê‚ïê‚ïê‚ïê‚ïê‚ïê‚ïê‚ïê‚ïê‚ïê‚ïê‚ïê‚ïê‚ïê
> 
> ‚ùå READY TO INTEGRATE (3 Wolf Packs from R_H_UNI):
> ‚ïê‚ïê‚ïê‚ïê‚ïê‚ïê‚ïê‚ïê‚ïê‚ïê‚ïê‚ïê‚ïê‚ïê‚ïê‚ïê‚ïê‚ïê‚ïê‚ïê‚ïê‚ïê‚ïê‚ïê‚ïê‚ïê‚ïê‚ïê‚ïê‚ïê‚ïê‚ïê‚ïê‚ïê‚ïê‚ïê‚ïê‚ïê‚ïê‚ïê‚ïê‚ïê‚ïê‚ïê‚ïê‚ïê‚ïê‚ïê‚ïê‚ïê‚ïê‚ïê‚ïê‚ïê‚ïê‚ïê‚ïê‚ïê‚ïê‚ïê‚ïê‚ïê‚ïê‚ïê‚ïê‚ïê‚ïê
> 
> Strategy 1: BULLISH WOLF PACK
>    File: /home/ing/RICK/R_H_UNI/strategies/bullish_wolf.py (17.6KB)
>    Regime: BULL (positive trend + controlled volatility)
>    Gates: RSI + Bollinger Bands + MACD + Volume (ALL must pass)
>    Status: ‚úÖ Complete | ‚ùå Not in CLEAN | Ready to copy
>    Action: Copy to /home/ing/RICK/RICK_LIVE_CLEAN/strategies/
> 
> Strategy 2: BEARISH WOLF PACK
>    File: /home/ing/RICK/R_H_UNI/strategies/bearish_wolf.py (19KB)
>    Regime: BEAR (negative trend + rising volatility)
>    Gates: Inverse RSI + BB + MACD + Volume (ALL must pass)
>    Status: ‚úÖ Complete | ‚ùå Not in CLEAN | Ready to copy
>    Action: Copy to /home/ing/RICK/RICK_LIVE_CLEAN/strategies/
> 
> Strategy 3: SIDEWAYS WOLF PACK
>    File: /home/ing/RICK/R_H_UNI/strategies/sideways_wolf.py (22.5KB)
>    Regime: SIDEWAYS (low trend + low volatility, range-bound)
>    Gates: Support/Resistance + RSI extremes + Volume + Breakout guard
>    Status: ‚úÖ Complete | ‚ùå Not in CLEAN | Ready to copy
>    Action: Copy to /home/ing/RICK/RICK_LIVE_CLEAN/strategies/
> 
> ‚ïê‚ïê‚ïê‚ïê‚ïê‚ïê‚ïê‚ïê‚ïê‚ïê‚ïê‚ïê‚ïê‚ïê‚ïê‚ïê‚ïê‚ïê‚ïê‚ïê‚ïê‚ïê‚ïê‚ïê‚ïê‚ïê‚ïê‚ïê‚ïê‚ïê‚ïê‚ïê‚ïê‚ïê‚ïê‚ïê‚ïê‚ïê‚ïê‚ïê‚ïê‚ïê‚ïê‚ïê‚ïê‚ïê‚ïê‚ïê‚ïê‚ïê‚ïê‚ïê‚ïê‚ïê‚ïê‚ïê‚ïê‚ïê‚ïê‚ïê‚ïê‚ïê‚ïê‚ïê‚ïê‚ïê‚ïê
> 
> ‚ùå DESIGNED BUT NOT YET IMPLEMENTED:
> ‚ïê‚ïê‚ïê‚ïê‚ïê‚ïê‚ïê‚ïê‚ïê‚ïê‚ïê‚ïê‚ïê‚ïê‚ïê‚ïê‚ïê‚ïê‚ïê‚ïê‚ïê‚ïê‚ïê‚ïê‚ïê‚ïê‚ïê‚ïê‚ïê‚ïê‚ïê‚ïê‚ïê‚ïê‚ïê‚ïê‚ïê‚ïê‚ïê‚ïê‚ïê‚ïê‚ïê‚ïê‚ïê‚ïê‚ïê‚ïê‚ïê‚ïê‚ïê‚ïê‚ïê‚ïê‚ïê‚ïê‚ïê‚ïê‚ïê‚ïê‚ïê‚ïê‚ïê‚ïê‚ïê‚ïê‚ïê
> 
> 1. Crisis/Triage Mode Strategy
>    - Concept: Capital preservation only
>    - Status: Detected in regime_detector.py (CRASH regime)
>    - Action Needed: Build crisis_pack.py with no-entry rules
> 
> 2. Quant Edge Shorting Pack
>    - Location: /home/ing/RICK/R_H_UNI_BLOAT_ARCHIVE/extracted_legacy/
>    - Features: Inverse margin trading, borrow checks
>    - Status: In archive, not extracted
>    - Action Needed: Extract and integrate with IBKR
> 
> 3. Margin Relief Automation
>    - Purpose: Auto-reduce positions when margin high
>    - Status: Designed in handoff pack (A0-A10)
>    - Action Needed: Build margin_relief.py with auto-rebalancing
> 
> 4. Trade Shim (Auto-Brackets)
>    - Purpose: Auto-add SL/TP to orders
>    - Status: Designed in handoff pack
>    - Action Needed: Build trade_shim.py with Charter minimums
> 
> 5. State Emitters
>    - Components: pg_now, pg_now_all
>    - Purpose: Live state monitoring
>    - Status: Designed in handoff pack
>    - Action Needed: Build state_emitters.py
> 
> 6. Systemd Timers
>    - Components: margin-relief.timer, pg-emit.timer
>    - Purpose: Reactive monitoring automation
>    - Status: Designed in handoff pack
>    - Action Needed: Install .config/systemd/user/ timers
> 
> ‚ïê‚ïê‚ïê‚ïê‚ïê‚ïê‚ïê‚ïê‚ïê‚ïê‚ïê‚ïê‚ïê‚ïê‚ïê‚ïê‚ïê‚ïê‚ïê‚ïê‚ïê‚ïê‚ïê‚ïê‚ïê‚ïê‚ïê‚ïê‚ïê‚ïê‚ïê‚ïê‚ïê‚ïê‚ïê‚ïê‚ïê‚ïê‚ïê‚ïê‚ïê‚ïê‚ïê‚ïê‚ïê‚ïê‚ïê‚ïê‚ïê‚ïê‚ïê‚ïê‚ïê‚ïê‚ïê‚ïê‚ïê‚ïê‚ïê‚ïê‚ïê‚ïê‚ïê‚ïê‚ïê‚ïê‚ïê
> 
> ÔøΩÔøΩ NEXT IMMEDIATE STEPS (Prioritized):
> ‚ïê‚ïê‚ïê‚ïê‚ïê‚ïê‚ïê‚ïê‚ïê‚ïê‚ïê‚ïê‚ïê‚ïê‚ïê‚ïê‚ïê‚ïê‚ïê‚ïê‚ïê‚ïê‚ïê‚ïê‚ïê‚ïê‚ïê‚ïê‚ïê‚ïê‚ïê‚ïê‚ïê‚ïê‚ïê‚ïê‚ïê‚ïê‚ïê‚ïê‚ïê‚ïê‚ïê‚ïê‚ïê‚ïê‚ïê‚ïê‚ïê‚ïê‚ïê‚ïê‚ïê‚ïê‚ïê‚ïê‚ïê‚ïê‚ïê‚ïê‚ïê‚ïê‚ïê‚ïê‚ïê‚ïê‚ïê
> 
> WEEK 1 - TODAY/TOMORROW:
> ‚îÄ‚îÄ‚îÄ‚îÄ‚îÄ‚îÄ‚îÄ‚îÄ‚îÄ‚îÄ‚îÄ‚îÄ‚îÄ‚îÄ‚îÄ‚îÄ‚îÄ‚îÄ‚îÄ‚îÄ‚îÄ‚îÄ‚îÄ‚îÄ‚îÄ‚îÄ‚îÄ‚îÄ‚îÄ‚îÄ‚îÄ‚îÄ‚îÄ‚îÄ‚îÄ‚îÄ‚îÄ‚îÄ‚îÄ‚îÄ‚îÄ‚îÄ‚îÄ‚îÄ‚îÄ‚îÄ‚îÄ‚îÄ‚îÄ‚îÄ‚îÄ‚îÄ‚îÄ‚îÄ‚îÄ‚îÄ‚îÄ‚îÄ‚îÄ‚îÄ‚îÄ‚îÄ‚îÄ‚îÄ‚îÄ
> [ ] Copy 3 wolf packs from R_H_UNI to RICK_LIVE_CLEAN/strategies/
>     cp /home/ing/RICK/R_H_UNI/strategies/bullish_wolf.py \
>        /home/ing/RICK/RICK_LIVE_CLEAN/strategies/
>     cp /home/ing/RICK/R_H_UNI/strategies/bearish_wolf.py \
>        /home/ing/RICK/RICK_LIVE_CLEAN/strategies/
>     cp /home/ing/RICK/R_H_UNI/strategies/sideways_wolf.py \
>        /home/ing/RICK/RICK_LIVE_CLEAN/strategies/
> 
> [ ] Verify files copied correctly
>     ls -lh /home/ing/RICK/RICK_LIVE_CLEAN/strategies/
> 
> WEEK 2 - THIS WEEK:
> ‚îÄ‚îÄ‚îÄ‚îÄ‚îÄ‚îÄ‚îÄ‚îÄ‚îÄ‚îÄ‚îÄ‚îÄ‚îÄ‚îÄ‚îÄ‚îÄ‚îÄ‚îÄ‚îÄ‚îÄ‚îÄ‚îÄ‚îÄ‚îÄ‚îÄ‚îÄ‚îÄ‚îÄ‚îÄ‚îÄ‚îÄ‚îÄ‚îÄ‚îÄ‚îÄ‚îÄ‚îÄ‚îÄ‚îÄ‚îÄ‚îÄ‚îÄ‚îÄ‚îÄ‚îÄ‚îÄ‚îÄ‚îÄ‚îÄ‚îÄ‚îÄ‚îÄ‚îÄ‚îÄ‚îÄ‚îÄ‚îÄ‚îÄ‚îÄ‚îÄ‚îÄ‚îÄ‚îÄ‚îÄ‚îÄ
> [ ] Integrate wolf packs into canary_trading_engine.py
>     - Add regime detection
>     - Add strategy selection based on regime
>     - Add guardian gates validation
>     - Add quant hedge rules position sizing
> 
> [ ] Test regime-based strategy selection
>     - Test BULL regime ‚Üí uses bullish_wolf
>     - Test BEAR regime ‚Üí uses bearish_wolf
>     - Test SIDEWAYS regime ‚Üí uses sideways_wolf
>     - Test CRASH regime ‚Üí pause trading (triage)
> 
> [ ] Run CANARY session with full system
>     - Expected: 2-3 trades in 45 minutes
>     - Expected: 0 Charter violations
>     - Expected: All gates passing
> 
> WEEK 3 - OPTIONAL ENHANCEMENTS:
> ‚îÄ‚îÄ‚îÄ‚îÄ‚îÄ‚îÄ‚îÄ‚îÄ‚îÄ‚îÄ‚îÄ‚îÄ‚îÄ‚îÄ‚îÄ‚îÄ‚îÄ‚îÄ‚îÄ‚îÄ‚îÄ‚îÄ‚îÄ‚îÄ‚îÄ‚îÄ‚îÄ‚îÄ‚îÄ‚îÄ‚îÄ‚îÄ‚îÄ‚îÄ‚îÄ‚îÄ‚îÄ‚îÄ‚îÄ‚îÄ‚îÄ‚îÄ‚îÄ‚îÄ‚îÄ‚îÄ‚îÄ‚îÄ‚îÄ‚îÄ‚îÄ‚îÄ‚îÄ‚îÄ‚îÄ‚îÄ‚îÄ‚îÄ‚îÄ‚îÄ‚îÄ‚îÄ‚îÄ‚îÄ‚îÄ
> [ ] Build Crisis/Triage mode strategy
> [ ] Extract shorting pack from archive
> [ ] Start margin relief automation
> 
> WEEK 4+ - ADVANCED FEATURES:
> ‚îÄ‚îÄ‚îÄ‚îÄ‚îÄ‚îÄ‚îÄ‚îÄ‚îÄ‚îÄ‚îÄ‚îÄ‚îÄ‚îÄ‚îÄ‚îÄ‚îÄ‚îÄ‚îÄ‚îÄ‚îÄ‚îÄ‚îÄ‚îÄ‚îÄ‚îÄ‚îÄ‚îÄ‚îÄ‚îÄ‚îÄ‚îÄ‚îÄ‚îÄ‚îÄ‚îÄ‚îÄ‚îÄ‚îÄ‚îÄ‚îÄ‚îÄ‚îÄ‚îÄ‚îÄ‚îÄ‚îÄ‚îÄ‚îÄ‚îÄ‚îÄ‚îÄ‚îÄ‚îÄ‚îÄ‚îÄ‚îÄ‚îÄ‚îÄ‚îÄ‚îÄ‚îÄ‚îÄ‚îÄ‚îÄ
> [ ] Build trade shim (auto-brackets)
> [ ] Create state emitters
> [ ] Install systemd timers
> 
> ‚ïê‚ïê‚ïê‚ïê‚ïê‚ïê‚ïê‚ïê‚ïê‚ïê‚ïê‚ïê‚ïê‚ïê‚ïê‚ïê‚ïê‚ïê‚ïê‚ïê‚ïê‚ïê‚ïê‚ïê‚ïê‚ïê‚ïê‚ïê‚ïê‚ïê‚ïê‚ïê‚ïê‚ïê‚ïê‚ïê‚ïê‚ïê‚ïê‚ïê‚ïê‚ïê‚ïê‚ïê‚ïê‚ïê‚ïê‚ïê‚ïê‚ïê‚ïê‚ïê‚ïê‚ïê‚ïê‚ïê‚ïê‚ïê‚ïê‚ïê‚ïê‚ïê‚ïê‚ïê‚ïê‚ïê‚ïê
> 
> üìä QUICK STATS:
> ‚ïê‚ïê‚ïê‚ïê‚ïê‚ïê‚ïê‚ïê‚ïê‚ïê‚ïê‚ïê‚ïê‚ïê‚ïê‚ïê‚ïê‚ïê‚ïê‚ïê‚ïê‚ïê‚ïê‚ïê‚ïê‚ïê‚ïê‚ïê‚ïê‚ïê‚ïê‚ïê‚ïê‚ïê‚ïê‚ïê‚ïê‚ïê‚ïê‚ïê‚ïê‚ïê‚ïê‚ïê‚ïê‚ïê‚ïê‚ïê‚ïê‚ïê‚ïê‚ïê‚ïê‚ïê‚ïê‚ïê‚ïê‚ïê‚ïê‚ïê‚ïê‚ïê‚ïê‚ïê‚ïê‚ïê‚ïê
> 
> ACTIVE COMPONENTS:           8/16 (50%) ‚úÖ
> - Core gates:               5 (Guardian, Crypto, Quant, Regime, Smart)
> - Trading engines:          2 (Ghost, Canary)
> - Support systems:          1+ (Charter, capital, risk, brokers)
> 
> READY TO INTEGRATE:         3/16 (19%) ‚ùå
> - Wolf pack strategies:     3 (Bullish, Bearish, Sideways)
> 
> NEEDS TO BE BUILT:         5/16 (31%) ‚ùå
> - Crisis mode:              1
> - Shorting pack:            1  
> - Automation features:      3 (margin relief, trade shim, timers)
> 
> TESTING STATUS:
> - Guardian gates:           ‚úÖ PASSING
> - Crypto gates:             ‚úÖ PASSING
> - Quant hedge rules:        ‚úÖ PASSING (NEW)
> - Regime detector:          ‚úÖ PASSING
> - Smart logic:              ‚úÖ PASSING
> - Trading engine:           ‚úÖ RUNNING
> - Canary sessions:          ‚úÖ VALIDATED (OANDA practice)
> 
> ‚ïê‚ïê‚ïê‚ïê‚ïê‚ïê‚ïê‚ïê‚ïê‚ïê‚ïê‚ïê‚ïê‚ïê‚ïê‚ïê‚ïê‚ïê‚ïê‚ïê‚ïê‚ïê‚ïê‚ïê‚ïê‚ïê‚ïê‚ïê‚ïê‚ïê‚ïê‚ïê‚ïê‚ïê‚ïê‚ïê‚ïê‚ïê‚ïê‚ïê‚ïê‚ïê‚ïê‚ïê‚ïê‚ïê‚ïê‚ïê‚ïê‚ïê‚ïê‚ïê‚ïê‚ïê‚ïê‚ïê‚ïê‚ïê‚ïê‚ïê‚ïê‚ïê‚ïê‚ïê‚ïê‚ïê‚ïê
> 
> üéØ CURRENT FOCUS:
> ‚ïê‚ïê‚ïê‚ïê‚ïê‚ïê‚ïê‚ïê‚ïê‚ïê‚ïê‚ïê‚ïê‚ïê‚ïê‚ïê‚ïê‚ïê‚ïê‚ïê‚ïê‚ïê‚ïê‚ïê‚ïê‚ïê‚ïê‚ïê‚ïê‚ïê‚ïê‚ïê‚ïê‚ïê‚ïê‚ïê‚ïê‚ïê‚ïê‚ïê‚ïê‚ïê‚ïê‚ïê‚ïê‚ïê‚ïê‚ïê‚ïê‚ïê‚ïê‚ïê‚ïê‚ïê‚ïê‚ïê‚ïê‚ïê‚ïê‚ïê‚ïê‚ïê‚ïê‚ïê‚ïê‚ïê‚ïê
> 
> YOU NEED TO:
> 
> 1. READ the three main documents (30 min)
>    - ACTIVE_vs_INACTIVE_AUDIT.md
>    - FILE_REFERENCE_GUIDE.md
>    - ACTIVE_WORKFLOW_PIPELINE.md
> 
> 2. COPY the 3 wolf packs (5 min)
>    - bullish_wolf.py
>    - bearish_wolf.py
>    - sideways_wolf.py
> 
> 3. INTEGRATE into canary engine (2-3 hours)
>    - Add regime detection
>    - Add strategy selection
>    - Add position multipliers from hedge rules
> 
> 4. TEST the full system (1 hour)
>    - Run self-tests
>    - Run CANARY session
>    - Verify all gates passing
> 
> ‚ïê‚ïê‚ïê‚ïê‚ïê‚ïê‚ïê‚ïê‚ïê‚ïê‚ïê‚ïê‚ïê‚ïê‚ïê‚ïê‚ïê‚ïê‚ïê‚ïê‚ïê‚ïê‚ïê‚ïê‚ïê‚ïê‚ïê‚ïê‚ïê‚ïê‚ïê‚ïê‚ïê‚ïê‚ïê‚ïê‚ïê‚ïê‚ïê‚ïê‚ïê‚ïê‚ïê‚ïê‚ïê‚ïê‚ïê‚ïê‚ïê‚ïê‚ïê‚ïê‚ïê‚ïê‚ïê‚ïê‚ïê‚ïê‚ïê‚ïê‚ïê‚ïê‚ïê‚ïê‚ïê‚ïê‚ïê
> 
> üéì SYSTEM ARCHITECTURE:
> ‚ïê‚ïê‚ïê‚ïê‚ïê‚ïê‚ïê‚ïê‚ïê‚ïê‚ïê‚ïê‚ïê‚ïê‚ïê‚ïê‚ïê‚ïê‚ïê‚ïê‚ïê‚ïê‚ïê‚ïê‚ïê‚ïê‚ïê‚ïê‚ïê‚ïê‚ïê‚ïê‚ïê‚ïê‚ïê‚ïê‚ïê‚ïê‚ïê‚ïê‚ïê‚ïê‚ïê‚ïê‚ïê‚ïê‚ïê‚ïê‚ïê‚ïê‚ïê‚ïê‚ïê‚ïê‚ïê‚ïê‚ïê‚ïê‚ïê‚ïê‚ïê‚ïê‚ïê‚ïê‚ïê‚ïê‚ïê
> 
> INPUT: Market data (price, volume, RSI, MACD, etc.)
>   ‚Üì
> REGIME DETECTION: Which market? (BULL/BEAR/SIDEWAYS/CRASH/TRIAGE)
>   ‚Üì
> STRATEGY SELECTION: Which strategy? (Bullish/Bearish/Sideways/None)
>   ‚Üì
> SIGNAL VALIDATION: Does it pass smart logic? (65% + 2/5 filters)
>   ‚Üì
> QUANT HEDGING: Multi-condition analysis ‚Üí position multiplier
>   ‚Üì
> GUARDIAN GATES: Do all 4 gates pass? (Margin/Positions/Correlation/Crypto)
>   ‚Üì
> CHARTER ENFORCEMENT: Risk/reward OK? Notional OK? Hold time OK?
>   ‚Üì
> ORDER PLACEMENT: EXECUTE or REJECT
>   ‚Üì
> OUTPUT: Trade executed with proper position sizing and gates enforced
> 
> ‚ïê‚ïê‚ïê‚ïê‚ïê‚ïê‚ïê‚ïê‚ïê‚ïê‚ïê‚ïê‚ïê‚ïê‚ïê‚ïê‚ïê‚ïê‚ïê‚ïê‚ïê‚ïê‚ïê‚ïê‚ïê‚ïê‚ïê‚ïê‚ïê‚ïê‚ïê‚ïê‚ïê‚ïê‚ïê‚ïê‚ïê‚ïê‚ïê‚ïê‚ïê‚ïê‚ïê‚ïê‚ïê‚ïê‚ïê‚ïê‚ïê‚ïê‚ïê‚ïê‚ïê‚ïê‚ïê‚ïê‚ïê‚ïê‚ïê‚ïê‚ïê‚ïê‚ïê‚ïê‚ïê‚ïê‚ïê
> 
> üìç WHERE TO START:
> ‚ïê‚ïê‚ïê‚ïê‚ïê‚ïê‚ïê‚ïê‚ïê‚ïê‚ïê‚ïê‚ïê‚ïê‚ïê‚ïê‚ïê‚ïê‚ïê‚ïê‚ïê‚ïê‚ïê‚ïê‚ïê‚ïê‚ïê‚ïê‚ïê‚ïê‚ïê‚ïê‚ïê‚ïê‚ïê‚ïê‚ïê‚ïê‚ïê‚ïê‚ïê‚ïê‚ïê‚ïê‚ïê‚ïê‚ïê‚ïê‚ïê‚ïê‚ïê‚ïê‚ïê‚ïê‚ïê‚ïê‚ïê‚ïê‚ïê‚ïê‚ïê‚ïê‚ïê‚ïê‚ïê‚ïê‚ïê
> 
> 1. Open: docs/MASTER_INDEX.md (this is the roadmap)
> 2. Then read: docs/ACTIVE_vs_INACTIVE_AUDIT.md (what's where)
> 3. Then read: docs/FILE_REFERENCE_GUIDE.md (integration guide)
> 4. Then read: docs/ACTIVE_WORKFLOW_PIPELINE.md (week-by-week plan)
> 5. Then: Copy the 3 wolf packs today
> 6. Then: Integrate tomorrow
> 7. Then: Test and validate
> 
> ‚ïê‚ïê‚ïê‚ïê‚ïê‚ïê‚ïê‚ïê‚ïê‚ïê‚ïê‚ïê‚ïê‚ïê‚ïê‚ïê‚ïê‚ïê‚ïê‚ïê‚ïê‚ïê‚ïê‚ïê‚ïê‚ïê‚ïê‚ïê‚ïê‚ïê‚ïê‚ïê‚ïê‚ïê‚ïê‚ïê‚ïê‚ïê‚ïê‚ïê‚ïê‚ïê‚ïê‚ïê‚ïê‚ïê‚ïê‚ïê‚ïê‚ïê‚ïê‚ïê‚ïê‚ïê‚ïê‚ïê‚ïê‚ïê‚ïê‚ïê‚ïê‚ïê‚ïê‚ïê‚ïê‚ïê‚ïê
> 
> üîó CLICKABLE FILE LOCATIONS (for your reference):
> 
> MAIN REFERENCE DOCS:
> - docs/MASTER_INDEX.md
> - docs/ACTIVE_vs_INACTIVE_AUDIT.md
> - docs/FILE_REFERENCE_GUIDE.md
> - docs/ACTIVE_WORKFLOW_PIPELINE.md
> 
> ACTIVE GATE FILES:
> - foundation/rick_charter.py
> - hive/guardian_gates.py
> - hive/crypto_entry_gate_system.py
> - hive/quant_hedge_rules.py (NEW)
> - logic/regime_detector.py
> - logic/smart_logic.py
> 
> STRATEGIES TO COPY:
> - /home/ing/RICK/R_H_UNI/strategies/bullish_wolf.py
> - /home/ing/RICK/R_H_UNI/strategies/bearish_wolf.py
> - /home/ing/RICK/R_H_UNI/strategies/sideways_wolf.py
> 
> ‚ïê‚ïê‚ïê‚ïê‚ïê‚ïê‚ïê‚ïê‚ïê‚ïê‚ïê‚ïê‚ïê‚ïê‚ïê‚ïê‚ïê‚ïê‚ïê‚ïê‚ïê‚ïê‚ïê‚ïê‚ïê‚ïê‚ïê‚ïê‚ïê‚ïê‚ïê‚ïê‚ïê‚ïê‚ïê‚ïê‚ïê‚ïê‚ïê‚ïê‚ïê‚ïê‚ïê‚ïê‚ïê‚ïê‚ïê‚ïê‚ïê‚ïê‚ïê‚ïê‚ïê‚ïê‚ïê‚ïê‚ïê‚ïê‚ïê‚ïê‚ïê‚ïê‚ïê‚ïê‚ïê‚ïê‚ïê
> 
> üí° QUICK ANSWERS:
> 
> Q: What's active right now?
> A: 8 components (gates, logic, engines) all working
> 
> Q: What do I need to copy?
> A: 3 wolf pack strategies from R_H_UNI/strategies/
> 
> Q: When can we go LIVE?
> A: After copying strategies + week of integration + successful CANARY
> 
> Q: What's the new thing?
> A: Quant Hedge Rules system for multi-condition analysis
> 
> Q: Are the gates working?
> A: Yes! guardian_gates.py testing shows all 4 gates PASSING
> 
> ‚ïê‚ïê‚ïê‚ïê‚ïê‚ïê‚ïê‚ïê‚ïê‚ïê‚ïê‚ïê‚ïê‚ïê‚ïê‚ïê‚ïê‚ïê‚ïê‚ïê‚ïê‚ïê‚ïê‚ïê‚ïê‚ïê‚ïê‚ïê‚ïê‚ïê‚ïê‚ïê‚ïê‚ïê‚ïê‚ïê‚ïê‚ïê‚ïê‚ïê‚ïê‚ïê‚ïê‚ïê‚ïê‚ïê‚ïê‚ïê‚ïê‚ïê‚ïê‚ïê‚ïê‚ïê‚ïê‚ïê‚ïê‚ïê‚ïê‚ïê‚ïê‚ïê‚ïê‚ïê‚ïê‚ïê‚ïê
> 
> STATUS: ‚úÖ READY FOR NEXT PHASE
>   ‚úì 8 core components active & tested
>   ‚úì 3 strategies ready to integrate
>   ‚úì Quant hedge rules operational (NEW)
>   ‚úì Documentation complete
>   ‚è≥ Awaiting strategy integration
> 
> ‚ïê‚ïê‚ïê‚ïê‚ïê‚ïê‚ïê‚ïê‚ïê‚ïê‚ïê‚ïê‚ïê‚ïê‚ïê‚ïê‚ïê‚ïê‚ïê‚ïê‚ïê‚ïê‚ïê‚ïê‚ïê‚ïê‚ïê‚ïê‚ïê‚ïê‚ïê‚ïê‚ïê‚ïê‚ïê‚ïê‚ïê‚ïê‚ïê‚ïê‚ïê‚ïê‚ïê‚ïê‚ïê‚ïê‚ïê‚ïê‚ïê‚ïê‚ïê‚ïê‚ïê‚ïê‚ïê‚ïê‚ïê‚ïê‚ïê‚ïê‚ïê‚ïê‚ïê‚ïê‚ïê‚ïê‚ïê
> 
> Generated: October 25, 2025 | PIN: 841921 | System: CLEAN v1.0
> EOF
ing@MSI:~/RICK/RICK_LIVE_CLEAN$ cat /tmp/summary.txt
‚ïî‚ïê‚ïê‚ïê‚ïê‚ïê‚ïê‚ïê‚ïê‚ïê‚ïê‚ïê‚ïê‚ïê‚ïê‚ïê‚ïê‚ïê‚ïê‚ïê‚ïê‚ïê‚ïê‚ïê‚ïê‚ïê‚ïê‚ïê‚ïê‚ïê‚ïê‚ïê‚ïê‚ïê‚ïê‚ïê‚ïê‚ïê‚ïê‚ïê‚ïê‚ïê‚ïê‚ïê‚ïê‚ïê‚ïê‚ïê‚ïê‚ïê‚ïê‚ïê‚ïê‚ïê‚ïê‚ïê‚ïê‚ïê‚ïê‚ïê‚ïê‚ïê‚ïê‚ïê‚ïê‚ïê‚ïê‚ïê‚ïê‚ïó
‚ïë                    RICK SYSTEM - COMPLETE SUMMARY                 ‚ïë
‚ïë                        October 25, 2025                            ‚ïë
‚ïö‚ïê‚ïê‚ïê‚ïê‚ïê‚ïê‚ïê‚ïê‚ïê‚ïê‚ïê‚ïê‚ïê‚ïê‚ïê‚ïê‚ïê‚ïê‚ïê‚ïê‚ïê‚ïê‚ïê‚ïê‚ïê‚ïê‚ïê‚ïê‚ïê‚ïê‚ïê‚ïê‚ïê‚ïê‚ïê‚ïê‚ïê‚ïê‚ïê‚ïê‚ïê‚ïê‚ïê‚ïê‚ïê‚ïê‚ïê‚ïê‚ïê‚ïê‚ïê‚ïê‚ïê‚ïê‚ïê‚ïê‚ïê‚ïê‚ïê‚ïê‚ïê‚ïê‚ïê‚ïê‚ïê‚ïê‚ïê‚ïê‚ïù

YOUR THREE MAIN REFERENCE DOCUMENTS (Click to open):
‚ïê‚ïê‚ïê‚ïê‚ïê‚ïê‚ïê‚ïê‚ïê‚ïê‚ïê‚ïê‚ïê‚ïê‚ïê‚ïê‚ïê‚ïê‚ïê‚ïê‚ïê‚ïê‚ïê‚ïê‚ïê‚ïê‚ïê‚ïê‚ïê‚ïê‚ïê‚ïê‚ïê‚ïê‚ïê‚ïê‚ïê‚ïê‚ïê‚ïê‚ïê‚ïê‚ïê‚ïê‚ïê‚ïê‚ïê‚ïê‚ïê‚ïê‚ïê‚ïê‚ïê‚ïê‚ïê‚ïê‚ïê‚ïê‚ïê‚ïê‚ïê‚ïê‚ïê‚ïê‚ïê‚ïê‚ïê

üìä DOCUMENT 1: ACTIVE vs INACTIVE AUDIT
   Location: docs/ACTIVE_vs_INACTIVE_AUDIT.md
   Contents:
   ‚úì Side-by-side comparison of ACTIVE (8) vs INACTIVE (3+4) features
   ‚úì All 4 market strategies (BULL/BEAR/SIDEWAYS/TRIAGE)
   ‚úì All gate logic files with detailed specs
   ‚úì Missing/overlooked capabilities
   ‚úì Recommended activation roadmap

üìÇ DOCUMENT 2: FILE REFERENCE GUIDE  
   Location: docs/FILE_REFERENCE_GUIDE.md
   Contents:
   ‚úì Quick reference to ALL gate logic files (clickable links)
   ‚úì 4-regime system complete specs
   ‚úì 3 wolf pack detailed strategies
   ‚úì Quant edge shorting pack
   ‚úì Implementation checklist (Week 1-4)
   ‚úì File organization target

üîÑ DOCUMENT 3: ACTIVE WORKFLOW PIPELINE
   Location: docs/ACTIVE_WORKFLOW_PIPELINE.md
   Contents:
   ‚úì Visual diagram of current active components
   ‚úì Inactive components (ready to integrate)
   ‚úì Features designed but not built
   ‚úì Week-by-week activation roadmap
   ‚úì Feature matrix (What's active vs available)
   ‚úì Deployment status

üìå BONUS: MASTER INDEX
   Location: docs/MASTER_INDEX.md
   Contents:
   ‚úì Quick navigation to all documents
   ‚úì Complete file directory (all 40+ files)
   ‚úì All strategies complete specs
   ‚úì All gate logic files (complete list)
   ‚úì Deployment matrix
   ‚úì Success criteria

‚ïê‚ïê‚ïê‚ïê‚ïê‚ïê‚ïê‚ïê‚ïê‚ïê‚ïê‚ïê‚ïê‚ïê‚ïê‚ïê‚ïê‚ïê‚ïê‚ïê‚ïê‚ïê‚ïê‚ïê‚ïê‚ïê‚ïê‚ïê‚ïê‚ïê‚ïê‚ïê‚ïê‚ïê‚ïê‚ïê‚ïê‚ïê‚ïê‚ïê‚ïê‚ïê‚ïê‚ïê‚ïê‚ïê‚ïê‚ïê‚ïê‚ïê‚ïê‚ïê‚ïê‚ïê‚ïê‚ïê‚ïê‚ïê‚ïê‚ïê‚ïê‚ïê‚ïê‚ïê‚ïê‚ïê‚ïê

‚úÖ WHAT'S ACTIVE RIGHT NOW (8 Components):
‚ïê‚ïê‚ïê‚ïê‚ïê‚ïê‚ïê‚ïê‚ïê‚ïê‚ïê‚ïê‚ïê‚ïê‚ïê‚ïê‚ïê‚ïê‚ïê‚ïê‚ïê‚ïê‚ïê‚ïê‚ïê‚ïê‚ïê‚ïê‚ïê‚ïê‚ïê‚ïê‚ïê‚ïê‚ïê‚ïê‚ïê‚ïê‚ïê‚ïê‚ïê‚ïê‚ïê‚ïê‚ïê‚ïê‚ïê‚ïê‚ïê‚ïê‚ïê‚ïê‚ïê‚ïê‚ïê‚ïê‚ïê‚ïê‚ïê‚ïê‚ïê‚ïê‚ïê‚ïê‚ïê‚ïê‚ïê

1. ‚úÖ Charter System (foundation/rick_charter.py)
   - PIN: 841921
   - Immutable constants enforced
   - All rules locked in code

2. ‚úÖ Guardian Gates (hive/guardian_gates.py) 
   - Gate 1: Margin ‚â§ 35%
   - Gate 2: Positions ‚â§ 3
   - Gate 3: No USD correlation
   - Gate 4: Crypto (90% hive + time window)
   - Test: PASSING ‚úì

3. ‚úÖ Crypto Entry Gates (hive/crypto_entry_gate_system.py)
   - Gate 1: 90% hive consensus
   - Gate 2: 8am-4pm ET Mon-Fri time window
   - Gate 3: Volatility scaling (50/100/150%)
   - Gate 4: 4/5 confluence required
   - Test: PASSING ‚úì

4. ‚úÖ Quant Hedge Rules (hive/quant_hedge_rules.py) - NEW ‚ú®
   - Volatility analysis (4 levels)
   - Trend strength detection
   - Correlation risk assessment
   - Volume confirmation
   - Margin utilization checks
   - Provides position multipliers (0.25 to 1.5x)
   - Test: PASSING ‚úì

5. ‚úÖ Regime Detector (logic/regime_detector.py)
   - 5 regimes: BULL, BEAR, SIDEWAYS, CRASH, TRIAGE
   - Volatility-based classification
   - Trend-based classification
   - Stochastic probability scoring

6. ‚úÖ Smart Logic Filter (logic/smart_logic.py)
   - 5 filter weights (Risk/Reward 30%, FVG 25%, Fib 20%, Vol 15%, Momentum 10%)
   - Minimum 65% score required
   - 2/5 filters must pass
   - Full confluence scoring

7. ‚úÖ Trading Engine (ghost_trading_charter_compliant.py)
   - Charter enforcement (notional, RR, hold duration)
   - Guardian gates integration ‚úì
   - Position sizing
   - OCO order support
   - 578 lines

8. ‚úÖ Canary Engine (canary_trading_engine.py)
   - 45-minute paper trading sessions
   - Real market data + Charter rules
   - Expected 2-3 trades per session
   - 283 lines

‚ïê‚ïê‚ïê‚ïê‚ïê‚ïê‚ïê‚ïê‚ïê‚ïê‚ïê‚ïê‚ïê‚ïê‚ïê‚ïê‚ïê‚ïê‚ïê‚ïê‚ïê‚ïê‚ïê‚ïê‚ïê‚ïê‚ïê‚ïê‚ïê‚ïê‚ïê‚ïê‚ïê‚ïê‚ïê‚ïê‚ïê‚ïê‚ïê‚ïê‚ïê‚ïê‚ïê‚ïê‚ïê‚ïê‚ïê‚ïê‚ïê‚ïê‚ïê‚ïê‚ïê‚ïê‚ïê‚ïê‚ïê‚ïê‚ïê‚ïê‚ïê‚ïê‚ïê‚ïê‚ïê‚ïê‚ïê

‚ùå READY TO INTEGRATE (3 Wolf Packs from R_H_UNI):
‚ïê‚ïê‚ïê‚ïê‚ïê‚ïê‚ïê‚ïê‚ïê‚ïê‚ïê‚ïê‚ïê‚ïê‚ïê‚ïê‚ïê‚ïê‚ïê‚ïê‚ïê‚ïê‚ïê‚ïê‚ïê‚ïê‚ïê‚ïê‚ïê‚ïê‚ïê‚ïê‚ïê‚ïê‚ïê‚ïê‚ïê‚ïê‚ïê‚ïê‚ïê‚ïê‚ïê‚ïê‚ïê‚ïê‚ïê‚ïê‚ïê‚ïê‚ïê‚ïê‚ïê‚ïê‚ïê‚ïê‚ïê‚ïê‚ïê‚ïê‚ïê‚ïê‚ïê‚ïê‚ïê‚ïê‚ïê

Strategy 1: BULLISH WOLF PACK
   File: /home/ing/RICK/R_H_UNI/strategies/bullish_wolf.py (17.6KB)
   Regime: BULL (positive trend + controlled volatility)
   Gates: RSI + Bollinger Bands + MACD + Volume (ALL must pass)
   Status: ‚úÖ Complete | ‚ùå Not in CLEAN | Ready to copy
   Action: Copy to /home/ing/RICK/RICK_LIVE_CLEAN/strategies/

Strategy 2: BEARISH WOLF PACK
   File: /home/ing/RICK/R_H_UNI/strategies/bearish_wolf.py (19KB)
   Regime: BEAR (negative trend + rising volatility)
   Gates: Inverse RSI + BB + MACD + Volume (ALL must pass)
   Status: ‚úÖ Complete | ‚ùå Not in CLEAN | Ready to copy
   Action: Copy to /home/ing/RICK/RICK_LIVE_CLEAN/strategies/

Strategy 3: SIDEWAYS WOLF PACK
   File: /home/ing/RICK/R_H_UNI/strategies/sideways_wolf.py (22.5KB)
   Regime: SIDEWAYS (low trend + low volatility, range-bound)
   Gates: Support/Resistance + RSI extremes + Volume + Breakout guard
   Status: ‚úÖ Complete | ‚ùå Not in CLEAN | Ready to copy
   Action: Copy to /home/ing/RICK/RICK_LIVE_CLEAN/strategies/

‚ïê‚ïê‚ïê‚ïê‚ïê‚ïê‚ïê‚ïê‚ïê‚ïê‚ïê‚ïê‚ïê‚ïê‚ïê‚ïê‚ïê‚ïê‚ïê‚ïê‚ïê‚ïê‚ïê‚ïê‚ïê‚ïê‚ïê‚ïê‚ïê‚ïê‚ïê‚ïê‚ïê‚ïê‚ïê‚ïê‚ïê‚ïê‚ïê‚ïê‚ïê‚ïê‚ïê‚ïê‚ïê‚ïê‚ïê‚ïê‚ïê‚ïê‚ïê‚ïê‚ïê‚ïê‚ïê‚ïê‚ïê‚ïê‚ïê‚ïê‚ïê‚ïê‚ïê‚ïê‚ïê‚ïê‚ïê

‚ùå DESIGNED BUT NOT YET IMPLEMENTED:
‚ïê‚ïê‚ïê‚ïê‚ïê‚ïê‚ïê‚ïê‚ïê‚ïê‚ïê‚ïê‚ïê‚ïê‚ïê‚ïê‚ïê‚ïê‚ïê‚ïê‚ïê‚ïê‚ïê‚ïê‚ïê‚ïê‚ïê‚ïê‚ïê‚ïê‚ïê‚ïê‚ïê‚ïê‚ïê‚ïê‚ïê‚ïê‚ïê‚ïê‚ïê‚ïê‚ïê‚ïê‚ïê‚ïê‚ïê‚ïê‚ïê‚ïê‚ïê‚ïê‚ïê‚ïê‚ïê‚ïê‚ïê‚ïê‚ïê‚ïê‚ïê‚ïê‚ïê‚ïê‚ïê‚ïê‚ïê

1. Crisis/Triage Mode Strategy
   - Concept: Capital preservation only
   - Status: Detected in regime_detector.py (CRASH regime)
   - Action Needed: Build crisis_pack.py with no-entry rules

2. Quant Edge Shorting Pack
   - Location: /home/ing/RICK/R_H_UNI_BLOAT_ARCHIVE/extracted_legacy/
   - Features: Inverse margin trading, borrow checks
   - Status: In archive, not extracted
   - Action Needed: Extract and integrate with IBKR

3. Margin Relief Automation
   - Purpose: Auto-reduce positions when margin high
   - Status: Designed in handoff pack (A0-A10)
   - Action Needed: Build margin_relief.py with auto-rebalancing

4. Trade Shim (Auto-Brackets)
   - Purpose: Auto-add SL/TP to orders
   - Status: Designed in handoff pack
   - Action Needed: Build trade_shim.py with Charter minimums

5. State Emitters
   - Components: pg_now, pg_now_all
   - Purpose: Live state monitoring
   - Status: Designed in handoff pack
   - Action Needed: Build state_emitters.py

6. Systemd Timers
   - Components: margin-relief.timer, pg-emit.timer
   - Purpose: Reactive monitoring automation
   - Status: Designed in handoff pack
   - Action Needed: Install .config/systemd/user/ timers

‚ïê‚ïê‚ïê‚ïê‚ïê‚ïê‚ïê‚ïê‚ïê‚ïê‚ïê‚ïê‚ïê‚ïê‚ïê‚ïê‚ïê‚ïê‚ïê‚ïê‚ïê‚ïê‚ïê‚ïê‚ïê‚ïê‚ïê‚ïê‚ïê‚ïê‚ïê‚ïê‚ïê‚ïê‚ïê‚ïê‚ïê‚ïê‚ïê‚ïê‚ïê‚ïê‚ïê‚ïê‚ïê‚ïê‚ïê‚ïê‚ïê‚ïê‚ïê‚ïê‚ïê‚ïê‚ïê‚ïê‚ïê‚ïê‚ïê‚ïê‚ïê‚ïê‚ïê‚ïê‚ïê‚ïê‚ïê

ÔøΩÔøΩ NEXT IMMEDIATE STEPS (Prioritized):
‚ïê‚ïê‚ïê‚ïê‚ïê‚ïê‚ïê‚ïê‚ïê‚ïê‚ïê‚ïê‚ïê‚ïê‚ïê‚ïê‚ïê‚ïê‚ïê‚ïê‚ïê‚ïê‚ïê‚ïê‚ïê‚ïê‚ïê‚ïê‚ïê‚ïê‚ïê‚ïê‚ïê‚ïê‚ïê‚ïê‚ïê‚ïê‚ïê‚ïê‚ïê‚ïê‚ïê‚ïê‚ïê‚ïê‚ïê‚ïê‚ïê‚ïê‚ïê‚ïê‚ïê‚ïê‚ïê‚ïê‚ïê‚ïê‚ïê‚ïê‚ïê‚ïê‚ïê‚ïê‚ïê‚ïê‚ïê

WEEK 1 - TODAY/TOMORROW:
‚îÄ‚îÄ‚îÄ‚îÄ‚îÄ‚îÄ‚îÄ‚îÄ‚îÄ‚îÄ‚îÄ‚îÄ‚îÄ‚îÄ‚îÄ‚îÄ‚îÄ‚îÄ‚îÄ‚îÄ‚îÄ‚îÄ‚îÄ‚îÄ‚îÄ‚îÄ‚îÄ‚îÄ‚îÄ‚îÄ‚îÄ‚îÄ‚îÄ‚îÄ‚îÄ‚îÄ‚îÄ‚îÄ‚îÄ‚îÄ‚îÄ‚îÄ‚îÄ‚îÄ‚îÄ‚îÄ‚îÄ‚îÄ‚îÄ‚îÄ‚îÄ‚îÄ‚îÄ‚îÄ‚îÄ‚îÄ‚îÄ‚îÄ‚îÄ‚îÄ‚îÄ‚îÄ‚îÄ‚îÄ‚îÄ
[ ] Copy 3 wolf packs from R_H_UNI to RICK_LIVE_CLEAN/strategies/
    cp /home/ing/RICK/R_H_UNI/strategies/bullish_wolf.py \
       /home/ing/RICK/RICK_LIVE_CLEAN/strategies/
    cp /home/ing/RICK/R_H_UNI/strategies/bearish_wolf.py \
       /home/ing/RICK/RICK_LIVE_CLEAN/strategies/
    cp /home/ing/RICK/R_H_UNI/strategies/sideways_wolf.py \
       /home/ing/RICK/RICK_LIVE_CLEAN/strategies/

[ ] Verify files copied correctly
    ls -lh /home/ing/RICK/RICK_LIVE_CLEAN/strategies/

WEEK 2 - THIS WEEK:
‚îÄ‚îÄ‚îÄ‚îÄ‚îÄ‚îÄ‚îÄ‚îÄ‚îÄ‚îÄ‚îÄ‚îÄ‚îÄ‚îÄ‚îÄ‚îÄ‚îÄ‚îÄ‚îÄ‚îÄ‚îÄ‚îÄ‚îÄ‚îÄ‚îÄ‚îÄ‚îÄ‚îÄ‚îÄ‚îÄ‚îÄ‚îÄ‚îÄ‚îÄ‚îÄ‚îÄ‚îÄ‚îÄ‚îÄ‚îÄ‚îÄ‚îÄ‚îÄ‚îÄ‚îÄ‚îÄ‚îÄ‚îÄ‚îÄ‚îÄ‚îÄ‚îÄ‚îÄ‚îÄ‚îÄ‚îÄ‚îÄ‚îÄ‚îÄ‚îÄ‚îÄ‚îÄ‚îÄ‚îÄ‚îÄ
[ ] Integrate wolf packs into canary_trading_engine.py
    - Add regime detection
    - Add strategy selection based on regime
    - Add guardian gates validation
    - Add quant hedge rules position sizing

[ ] Test regime-based strategy selection
    - Test BULL regime ‚Üí uses bullish_wolf
    - Test BEAR regime ‚Üí uses bearish_wolf
    - Test SIDEWAYS regime ‚Üí uses sideways_wolf
    - Test CRASH regime ‚Üí pause trading (triage)

[ ] Run CANARY session with full system
    - Expected: 2-3 trades in 45 minutes
    - Expected: 0 Charter violations
    - Expected: All gates passing

WEEK 3 - OPTIONAL ENHANCEMENTS:
‚îÄ‚îÄ‚îÄ‚îÄ‚îÄ‚îÄ‚îÄ‚îÄ‚îÄ‚îÄ‚îÄ‚îÄ‚îÄ‚îÄ‚îÄ‚îÄ‚îÄ‚îÄ‚îÄ‚îÄ‚îÄ‚îÄ‚îÄ‚îÄ‚îÄ‚îÄ‚îÄ‚îÄ‚îÄ‚îÄ‚îÄ‚îÄ‚îÄ‚îÄ‚îÄ‚îÄ‚îÄ‚îÄ‚îÄ‚îÄ‚îÄ‚îÄ‚îÄ‚îÄ‚îÄ‚îÄ‚îÄ‚îÄ‚îÄ‚îÄ‚îÄ‚îÄ‚îÄ‚îÄ‚îÄ‚îÄ‚îÄ‚îÄ‚îÄ‚îÄ‚îÄ‚îÄ‚îÄ‚îÄ‚îÄ
[ ] Build Crisis/Triage mode strategy
[ ] Extract shorting pack from archive
[ ] Start margin relief automation

WEEK 4+ - ADVANCED FEATURES:
‚îÄ‚îÄ‚îÄ‚îÄ‚îÄ‚îÄ‚îÄ‚îÄ‚îÄ‚îÄ‚îÄ‚îÄ‚îÄ‚îÄ‚îÄ‚îÄ‚îÄ‚îÄ‚îÄ‚îÄ‚îÄ‚îÄ‚îÄ‚îÄ‚îÄ‚îÄ‚îÄ‚îÄ‚îÄ‚îÄ‚îÄ‚îÄ‚îÄ‚îÄ‚îÄ‚îÄ‚îÄ‚îÄ‚îÄ‚îÄ‚îÄ‚îÄ‚îÄ‚îÄ‚îÄ‚îÄ‚îÄ‚îÄ‚îÄ‚îÄ‚îÄ‚îÄ‚îÄ‚îÄ‚îÄ‚îÄ‚îÄ‚îÄ‚îÄ‚îÄ‚îÄ‚îÄ‚îÄ‚îÄ‚îÄ
[ ] Build trade shim (auto-brackets)
[ ] Create state emitters
[ ] Install systemd timers

‚ïê‚ïê‚ïê‚ïê‚ïê‚ïê‚ïê‚ïê‚ïê‚ïê‚ïê‚ïê‚ïê‚ïê‚ïê‚ïê‚ïê‚ïê‚ïê‚ïê‚ïê‚ïê‚ïê‚ïê‚ïê‚ïê‚ïê‚ïê‚ïê‚ïê‚ïê‚ïê‚ïê‚ïê‚ïê‚ïê‚ïê‚ïê‚ïê‚ïê‚ïê‚ïê‚ïê‚ïê‚ïê‚ïê‚ïê‚ïê‚ïê‚ïê‚ïê‚ïê‚ïê‚ïê‚ïê‚ïê‚ïê‚ïê‚ïê‚ïê‚ïê‚ïê‚ïê‚ïê‚ïê‚ïê‚ïê

üìä QUICK STATS:
‚ïê‚ïê‚ïê‚ïê‚ïê‚ïê‚ïê‚ïê‚ïê‚ïê‚ïê‚ïê‚ïê‚ïê‚ïê‚ïê‚ïê‚ïê‚ïê‚ïê‚ïê‚ïê‚ïê‚ïê‚ïê‚ïê‚ïê‚ïê‚ïê‚ïê‚ïê‚ïê‚ïê‚ïê‚ïê‚ïê‚ïê‚ïê‚ïê‚ïê‚ïê‚ïê‚ïê‚ïê‚ïê‚ïê‚ïê‚ïê‚ïê‚ïê‚ïê‚ïê‚ïê‚ïê‚ïê‚ïê‚ïê‚ïê‚ïê‚ïê‚ïê‚ïê‚ïê‚ïê‚ïê‚ïê‚ïê

ACTIVE COMPONENTS:           8/16 (50%) ‚úÖ
- Core gates:               5 (Guardian, Crypto, Quant, Regime, Smart)
- Trading engines:          2 (Ghost, Canary)
- Support systems:          1+ (Charter, capital, risk, brokers)

READY TO INTEGRATE:         3/16 (19%) ‚ùå
- Wolf pack strategies:     3 (Bullish, Bearish, Sideways)

NEEDS TO BE BUILT:         5/16 (31%) ‚ùå
- Crisis mode:              1
- Shorting pack:            1  
- Automation features:      3 (margin relief, trade shim, timers)

TESTING STATUS:
- Guardian gates:           ‚úÖ PASSING
- Crypto gates:             ‚úÖ PASSING
- Quant hedge rules:        ‚úÖ PASSING (NEW)
- Regime detector:          ‚úÖ PASSING
- Smart logic:              ‚úÖ PASSING
- Trading engine:           ‚úÖ RUNNING
- Canary sessions:          ‚úÖ VALIDATED (OANDA practice)

‚ïê‚ïê‚ïê‚ïê‚ïê‚ïê‚ïê‚ïê‚ïê‚ïê‚ïê‚ïê‚ïê‚ïê‚ïê‚ïê‚ïê‚ïê‚ïê‚ïê‚ïê‚ïê‚ïê‚ïê‚ïê‚ïê‚ïê‚ïê‚ïê‚ïê‚ïê‚ïê‚ïê‚ïê‚ïê‚ïê‚ïê‚ïê‚ïê‚ïê‚ïê‚ïê‚ïê‚ïê‚ïê‚ïê‚ïê‚ïê‚ïê‚ïê‚ïê‚ïê‚ïê‚ïê‚ïê‚ïê‚ïê‚ïê‚ïê‚ïê‚ïê‚ïê‚ïê‚ïê‚ïê‚ïê‚ïê

üéØ CURRENT FOCUS:
‚ïê‚ïê‚ïê‚ïê‚ïê‚ïê‚ïê‚ïê‚ïê‚ïê‚ïê‚ïê‚ïê‚ïê‚ïê‚ïê‚ïê‚ïê‚ïê‚ïê‚ïê‚ïê‚ïê‚ïê‚ïê‚ïê‚ïê‚ïê‚ïê‚ïê‚ïê‚ïê‚ïê‚ïê‚ïê‚ïê‚ïê‚ïê‚ïê‚ïê‚ïê‚ïê‚ïê‚ïê‚ïê‚ïê‚ïê‚ïê‚ïê‚ïê‚ïê‚ïê‚ïê‚ïê‚ïê‚ïê‚ïê‚ïê‚ïê‚ïê‚ïê‚ïê‚ïê‚ïê‚ïê‚ïê‚ïê

YOU NEED TO:

1. READ the three main documents (30 min)
   - ACTIVE_vs_INACTIVE_AUDIT.md
   - FILE_REFERENCE_GUIDE.md
   - ACTIVE_WORKFLOW_PIPELINE.md

2. COPY the 3 wolf packs (5 min)
   - bullish_wolf.py
   - bearish_wolf.py
   - sideways_wolf.py

3. INTEGRATE into canary engine (2-3 hours)
   - Add regime detection
   - Add strategy selection
   - Add position multipliers from hedge rules

4. TEST the full system (1 hour)
   - Run self-tests
   - Run CANARY session
   - Verify all gates passing

‚ïê‚ïê‚ïê‚ïê‚ïê‚ïê‚ïê‚ïê‚ïê‚ïê‚ïê‚ïê‚ïê‚ïê‚ïê‚ïê‚ïê‚ïê‚ïê‚ïê‚ïê‚ïê‚ïê‚ïê‚ïê‚ïê‚ïê‚ïê‚ïê‚ïê‚ïê‚ïê‚ïê‚ïê‚ïê‚ïê‚ïê‚ïê‚ïê‚ïê‚ïê‚ïê‚ïê‚ïê‚ïê‚ïê‚ïê‚ïê‚ïê‚ïê‚ïê‚ïê‚ïê‚ïê‚ïê‚ïê‚ïê‚ïê‚ïê‚ïê‚ïê‚ïê‚ïê‚ïê‚ïê‚ïê‚ïê

üéì SYSTEM ARCHITECTURE:
‚ïê‚ïê‚ïê‚ïê‚ïê‚ïê‚ïê‚ïê‚ïê‚ïê‚ïê‚ïê‚ïê‚ïê‚ïê‚ïê‚ïê‚ïê‚ïê‚ïê‚ïê‚ïê‚ïê‚ïê‚ïê‚ïê‚ïê‚ïê‚ïê‚ïê‚ïê‚ïê‚ïê‚ïê‚ïê‚ïê‚ïê‚ïê‚ïê‚ïê‚ïê‚ïê‚ïê‚ïê‚ïê‚ïê‚ïê‚ïê‚ïê‚ïê‚ïê‚ïê‚ïê‚ïê‚ïê‚ïê‚ïê‚ïê‚ïê‚ïê‚ïê‚ïê‚ïê‚ïê‚ïê‚ïê‚ïê

INPUT: Market data (price, volume, RSI, MACD, etc.)
  ‚Üì
REGIME DETECTION: Which market? (BULL/BEAR/SIDEWAYS/CRASH/TRIAGE)
  ‚Üì
STRATEGY SELECTION: Which strategy? (Bullish/Bearish/Sideways/None)
  ‚Üì
SIGNAL VALIDATION: Does it pass smart logic? (65% + 2/5 filters)
  ‚Üì
QUANT HEDGING: Multi-condition analysis ‚Üí position multiplier
  ‚Üì
GUARDIAN GATES: Do all 4 gates pass? (Margin/Positions/Correlation/Crypto)
  ‚Üì
CHARTER ENFORCEMENT: Risk/reward OK? Notional OK? Hold time OK?
  ‚Üì
ORDER PLACEMENT: EXECUTE or REJECT
  ‚Üì
OUTPUT: Trade executed with proper position sizing and gates enforced

‚ïê‚ïê‚ïê‚ïê‚ïê‚ïê‚ïê‚ïê‚ïê‚ïê‚ïê‚ïê‚ïê‚ïê‚ïê‚ïê‚ïê‚ïê‚ïê‚ïê‚ïê‚ïê‚ïê‚ïê‚ïê‚ïê‚ïê‚ïê‚ïê‚ïê‚ïê‚ïê‚ïê‚ïê‚ïê‚ïê‚ïê‚ïê‚ïê‚ïê‚ïê‚ïê‚ïê‚ïê‚ïê‚ïê‚ïê‚ïê‚ïê‚ïê‚ïê‚ïê‚ïê‚ïê‚ïê‚ïê‚ïê‚ïê‚ïê‚ïê‚ïê‚ïê‚ïê‚ïê‚ïê‚ïê‚ïê

üìç WHERE TO START:
‚ïê‚ïê‚ïê‚ïê‚ïê‚ïê‚ïê‚ïê‚ïê‚ïê‚ïê‚ïê‚ïê‚ïê‚ïê‚ïê‚ïê‚ïê‚ïê‚ïê‚ïê‚ïê‚ïê‚ïê‚ïê‚ïê‚ïê‚ïê‚ïê‚ïê‚ïê‚ïê‚ïê‚ïê‚ïê‚ïê‚ïê‚ïê‚ïê‚ïê‚ïê‚ïê‚ïê‚ïê‚ïê‚ïê‚ïê‚ïê‚ïê‚ïê‚ïê‚ïê‚ïê‚ïê‚ïê‚ïê‚ïê‚ïê‚ïê‚ïê‚ïê‚ïê‚ïê‚ïê‚ïê‚ïê‚ïê

1. Open: docs/MASTER_INDEX.md (this is the roadmap)
2. Then read: docs/ACTIVE_vs_INACTIVE_AUDIT.md (what's where)
3. Then read: docs/FILE_REFERENCE_GUIDE.md (integration guide)
4. Then read: docs/ACTIVE_WORKFLOW_PIPELINE.md (week-by-week plan)
5. Then: Copy the 3 wolf packs today
6. Then: Integrate tomorrow
7. Then: Test and validate

‚ïê‚ïê‚ïê‚ïê‚ïê‚ïê‚ïê‚ïê‚ïê‚ïê‚ïê‚ïê‚ïê‚ïê‚ïê‚ïê‚ïê‚ïê‚ïê‚ïê‚ïê‚ïê‚ïê‚ïê‚ïê‚ïê‚ïê‚ïê‚ïê‚ïê‚ïê‚ïê‚ïê‚ïê‚ïê‚ïê‚ïê‚ïê‚ïê‚ïê‚ïê‚ïê‚ïê‚ïê‚ïê‚ïê‚ïê‚ïê‚ïê‚ïê‚ïê‚ïê‚ïê‚ïê‚ïê‚ïê‚ïê‚ïê‚ïê‚ïê‚ïê‚ïê‚ïê‚ïê‚ïê‚ïê‚ïê

üîó CLICKABLE FILE LOCATIONS (for your reference):

MAIN REFERENCE DOCS:
- docs/MASTER_INDEX.md
- docs/ACTIVE_vs_INACTIVE_AUDIT.md
- docs/FILE_REFERENCE_GUIDE.md
- docs/ACTIVE_WORKFLOW_PIPELINE.md

ACTIVE GATE FILES:
- foundation/rick_charter.py
- hive/guardian_gates.py
- hive/crypto_entry_gate_system.py
- hive/quant_hedge_rules.py (NEW)
- logic/regime_detector.py
- logic/smart_logic.py

STRATEGIES TO COPY:
- /home/ing/RICK/R_H_UNI/strategies/bullish_wolf.py
- /home/ing/RICK/R_H_UNI/strategies/bearish_wolf.py
- /home/ing/RICK/R_H_UNI/strategies/sideways_wolf.py

‚ïê‚ïê‚ïê‚ïê‚ïê‚ïê‚ïê‚ïê‚ïê‚ïê‚ïê‚ïê‚ïê‚ïê‚ïê‚ïê‚ïê‚ïê‚ïê‚ïê‚ïê‚ïê‚ïê‚ïê‚ïê‚ïê‚ïê‚ïê‚ïê‚ïê‚ïê‚ïê‚ïê‚ïê‚ïê‚ïê‚ïê‚ïê‚ïê‚ïê‚ïê‚ïê‚ïê‚ïê‚ïê‚ïê‚ïê‚ïê‚ïê‚ïê‚ïê‚ïê‚ïê‚ïê‚ïê‚ïê‚ïê‚ïê‚ïê‚ïê‚ïê‚ïê‚ïê‚ïê‚ïê‚ïê‚ïê

üí° QUICK ANSWERS:

Q: What's active right now?
A: 8 components (gates, logic, engines) all working

Q: What do I need to copy?
A: 3 wolf pack strategies from R_H_UNI/strategies/

Q: When can we go LIVE?
A: After copying strategies + week of integration + successful CANARY

Q: What's the new thing?
A: Quant Hedge Rules system for multi-condition analysis

Q: Are the gates working?
A: Yes! guardian_gates.py testing shows all 4 gates PASSING

‚ïê‚ïê‚ïê‚ïê‚ïê‚ïê‚ïê‚ïê‚ïê‚ïê‚ïê‚ïê‚ïê‚ïê‚ïê‚ïê‚ïê‚ïê‚ïê‚ïê‚ïê‚ïê‚ïê‚ïê‚ïê‚ïê‚ïê‚ïê‚ïê‚ïê‚ïê‚ïê‚ïê‚ïê‚ïê‚ïê‚ïê‚ïê‚ïê‚ïê‚ïê‚ïê‚ïê‚ïê‚ïê‚ïê‚ïê‚ïê‚ïê‚ïê‚ïê‚ïê‚ïê‚ïê‚ïê‚ïê‚ïê‚ïê‚ïê‚ïê‚ïê‚ïê‚ïê‚ïê‚ïê‚ïê‚ïê

STATUS: ‚úÖ READY FOR NEXT PHASE
  ‚úì 8 core components active & tested
  ‚úì 3 strategies ready to integrate
  ‚úì Quant hedge rules operational (NEW)
  ‚úì Documentation complete
  ‚è≥ Awaiting strategy integration

‚ïê‚ïê‚ïê‚ïê‚ïê‚ïê‚ïê‚ïê‚ïê‚ïê‚ïê‚ïê‚ïê‚ïê‚ïê‚ïê‚ïê‚ïê‚ïê‚ïê‚ïê‚ïê‚ïê‚ïê‚ïê‚ïê‚ïê‚ïê‚ïê‚ïê‚ïê‚ïê‚ïê‚ïê‚ïê‚ïê‚ïê‚ïê‚ïê‚ïê‚ïê‚ïê‚ïê‚ïê‚ïê‚ïê‚ïê‚ïê‚ïê‚ïê‚ïê‚ïê‚ïê‚ïê‚ïê‚ïê‚ïê‚ïê‚ïê‚ïê‚ïê‚ïê‚ïê‚ïê‚ïê‚ïê‚ïê

Generated: October 25, 2025 | PIN: 841921 | System: CLEAN v1.0
ing@MSI:~/RICK/RICK_LIVE_CLEAN$ 